Archive member included to satisfy reference by file (symbol)

C:/MaximSDK/Libraries/PeriphDrivers/bin/MAX32655/softfp/libPeriphDriver_softfp.a(mxc_delay.o)
                              c:/MaximSDK/Examples/MAX32655/Max32655CodeForMax30009/build/spiFunctions.o (MXC_Delay)
C:/MaximSDK/Libraries/PeriphDrivers/bin/MAX32655/softfp/libPeriphDriver_softfp.a(sys_me17.o)
                              c:/MaximSDK/Examples/MAX32655/Max32655CodeForMax30009/build/board.o (MXC_SYS_ClockEnable)
C:/MaximSDK/Libraries/PeriphDrivers/bin/MAX32655/softfp/libPeriphDriver_softfp.a(flc_me17.o)
                              C:/MaximSDK/Libraries/PeriphDrivers/bin/MAX32655/softfp/libPeriphDriver_softfp.a(sys_me17.o) (MXC_FLC_UnlockInfoBlock)
C:/MaximSDK/Libraries/PeriphDrivers/bin/MAX32655/softfp/libPeriphDriver_softfp.a(flc_reva.o)
                              C:/MaximSDK/Libraries/PeriphDrivers/bin/MAX32655/softfp/libPeriphDriver_softfp.a(flc_me17.o) (MXC_FLC_RevA_Busy)
C:/MaximSDK/Libraries/PeriphDrivers/bin/MAX32655/softfp/libPeriphDriver_softfp.a(gpio_me17.o)
                              c:/MaximSDK/Examples/MAX32655/Max32655CodeForMax30009/build/board.o (MXC_GPIO_Config)
C:/MaximSDK/Libraries/PeriphDrivers/bin/MAX32655/softfp/libPeriphDriver_softfp.a(gpio_reva.o)
                              C:/MaximSDK/Libraries/PeriphDrivers/bin/MAX32655/softfp/libPeriphDriver_softfp.a(gpio_me17.o) (MXC_GPIO_RevA_InGet)
C:/MaximSDK/Libraries/PeriphDrivers/bin/MAX32655/softfp/libPeriphDriver_softfp.a(i2c_me17.o)
                              c:/MaximSDK/Examples/MAX32655/Max32655CodeForMax30009/build/max20303.o (MXC_I2C_Init)
C:/MaximSDK/Libraries/PeriphDrivers/bin/MAX32655/softfp/libPeriphDriver_softfp.a(i2c_reva.o)
                              C:/MaximSDK/Libraries/PeriphDrivers/bin/MAX32655/softfp/libPeriphDriver_softfp.a(i2c_me17.o) (MXC_I2C_RevA_DMACallback)
C:/MaximSDK/Libraries/PeriphDrivers/bin/MAX32655/softfp/libPeriphDriver_softfp.a(icc_me17.o)
                              c:/MaximSDK/Examples/MAX32655/Max32655CodeForMax30009/build/system_max32655.o (MXC_ICC_Enable)
C:/MaximSDK/Libraries/PeriphDrivers/bin/MAX32655/softfp/libPeriphDriver_softfp.a(icc_reva.o)
                              C:/MaximSDK/Libraries/PeriphDrivers/bin/MAX32655/softfp/libPeriphDriver_softfp.a(icc_me17.o) (MXC_ICC_RevA_ID)
C:/MaximSDK/Libraries/PeriphDrivers/bin/MAX32655/softfp/libPeriphDriver_softfp.a(simo_me17.o)
                              c:/MaximSDK/Examples/MAX32655/Max32655CodeForMax30009/build/system_max32655.o (MXC_SIMO_SetVregO_A)
C:/MaximSDK/Libraries/PeriphDrivers/bin/MAX32655/softfp/libPeriphDriver_softfp.a(simo_reva.o)
                              C:/MaximSDK/Libraries/PeriphDrivers/bin/MAX32655/softfp/libPeriphDriver_softfp.a(simo_me17.o) (MXC_SIMO_RevA_SetVregO_A)
C:/MaximSDK/Libraries/PeriphDrivers/bin/MAX32655/softfp/libPeriphDriver_softfp.a(spi_me17.o)
                              c:/MaximSDK/Examples/MAX32655/Max32655CodeForMax30009/build/spiFunctions.o (MXC_SPI_Init)
C:/MaximSDK/Libraries/PeriphDrivers/bin/MAX32655/softfp/libPeriphDriver_softfp.a(spi_reva.o)
                              C:/MaximSDK/Libraries/PeriphDrivers/bin/MAX32655/softfp/libPeriphDriver_softfp.a(spi_me17.o) (MXC_SPI_RevA_Init)
C:/MaximSDK/Libraries/PeriphDrivers/bin/MAX32655/softfp/libPeriphDriver_softfp.a(uart_me17.o)
                              c:/MaximSDK/Examples/MAX32655/Max32655CodeForMax30009/build/board.o (MXC_UART_Shutdown)
C:/MaximSDK/Libraries/PeriphDrivers/bin/MAX32655/softfp/libPeriphDriver_softfp.a(uart_revb.o)
                              C:/MaximSDK/Libraries/PeriphDrivers/bin/MAX32655/softfp/libPeriphDriver_softfp.a(uart_me17.o) (MXC_UART_RevB_Init)
C:/MaximSDK/Libraries/PeriphDrivers/bin/MAX32655/softfp/libPeriphDriver_softfp.a(mxc_lock.o)
                              C:/MaximSDK/Libraries/PeriphDrivers/bin/MAX32655/softfp/libPeriphDriver_softfp.a(spi_reva.o) (MXC_FreeLock)
C:/MaximSDK/Libraries/PeriphDrivers/bin/MAX32655/softfp/libPeriphDriver_softfp.a(pins_me17.o)
                              C:/MaximSDK/Libraries/PeriphDrivers/bin/MAX32655/softfp/libPeriphDriver_softfp.a(uart_me17.o) (gpio_cfg_uart3)
C:/MaximSDK/Libraries/PeriphDrivers/bin/MAX32655/softfp/libPeriphDriver_softfp.a(dma_me17.o)
                              C:/MaximSDK/Libraries/PeriphDrivers/bin/MAX32655/softfp/libPeriphDriver_softfp.a(i2c_reva.o) (MXC_DMA_Init)
C:/MaximSDK/Libraries/PeriphDrivers/bin/MAX32655/softfp/libPeriphDriver_softfp.a(dma_reva.o)
                              C:/MaximSDK/Libraries/PeriphDrivers/bin/MAX32655/softfp/libPeriphDriver_softfp.a(dma_me17.o) (MXC_DMA_RevA_Init)
C:/MaximSDK/Libraries/PeriphDrivers/bin/MAX32655/softfp/libPeriphDriver_softfp.a(flc_common.o)
                              C:/MaximSDK/Libraries/PeriphDrivers/bin/MAX32655/softfp/libPeriphDriver_softfp.a(flc_me17.o) (MXC_FLC_Com_Write)
C:/MaximSDK/Libraries/PeriphDrivers/bin/MAX32655/softfp/libPeriphDriver_softfp.a(gpio_common.o)
[...]
Memory Configuration

Name             Origin             Length             Attributes
ROM              0x00000000         0x00010000         xr
FLASH            0x10000000         0x00080000         xr
PAL_NVM_DB       0x10080000         0x00000000         r
RISCV_FLASH      0x10080000         0x00000000         xr
SRAM             0x20000000         0x00020000         xrw
MAILBOX_0        0x20020000         0x00000000         rw
MAILBOX_1        0x20020000         0x00000000         rw
RISCV_SRAM       0x20020000         0x00000000         xrw
*default*        0x00000000         0xffffffff

Linker script and memory map

LOAD c:/maximsdk/tools/gnutools/10.3/bin/../lib/gcc/arm-none-eabi/10.3.1/thumb/v7e-m+fp/softfp/crti.o
LOAD c:/maximsdk/tools/gnutools/10.3/bin/../lib/gcc/arm-none-eabi/10.3.1/thumb/v7e-m+fp/softfp/crtbegin.o
LOAD c:/maximsdk/tools/gnutools/10.3/bin/../lib/gcc/arm-none-eabi/10.3.1/../../../../arm-none-eabi/lib/thumb/v7e-m+fp/softfp/crt0.o
LOAD c:/MaximSDK/Examples/MAX32655/Max32655CodeForMax30009/build/bioZ.o
LOAD c:/MaximSDK/Examples/MAX32655/Max32655CodeForMax30009/build/main.o
LOAD c:/MaximSDK/Examples/MAX32655/Max32655CodeForMax30009/build/MAX30009.o
LOAD c:/MaximSDK/Examples/MAX32655/Max32655CodeForMax30009/build/spiFunctions.o
LOAD c:/MaximSDK/Examples/MAX32655/Max32655CodeForMax30009/build/board.o
LOAD c:/MaximSDK/Examples/MAX32655/Max32655CodeForMax30009/build/stdio.o
LOAD c:/MaximSDK/Examples/MAX32655/Max32655CodeForMax30009/build/led.o
LOAD c:/MaximSDK/Examples/MAX32655/Max32655CodeForMax30009/build/pb.o
LOAD c:/MaximSDK/Examples/MAX32655/Max32655CodeForMax30009/build/max20303.o
LOAD c:/MaximSDK/Examples/MAX32655/Max32655CodeForMax30009/build/w25.o
LOAD c:/MaximSDK/Examples/MAX32655/Max32655CodeForMax30009/build/startup_max32655.o
LOAD c:/MaximSDK/Examples/MAX32655/Max32655CodeForMax30009/build/heap.o
LOAD c:/MaximSDK/Examples/MAX32655/Max32655CodeForMax30009/build/system_max32655.o
START GROUP
LOAD C:/MaximSDK/Libraries/PeriphDrivers/bin/MAX32655/softfp/libPeriphDriver_softfp.a
LOAD c:/maximsdk/tools/gnutools/10.3/bin/../lib/gcc/arm-none-eabi/10.3.1/../../../../arm-none-eabi/lib/thumb/v7e-m+fp/softfp\libc.a
LOAD c:/maximsdk/tools/gnutools/10.3/bin/../lib/gcc/arm-none-eabi/10.3.1/../../../../arm-none-eabi/lib/thumb/v7e-m+fp/softfp\libm.a
LOAD c:/maximsdk/tools/gnutools/10.3/bin/../lib/gcc/arm-none-eabi/10.3.1/../../../../arm-none-eabi/lib/thumb/v7e-m+fp/softfp\libnosys.a
END GROUP
START GROUP
LOAD c:/maximsdk/tools/gnutools/10.3/bin/../lib/gcc/arm-none-eabi/10.3.1/thumb/v7e-m+fp/softfp\libgcc.a
LOAD c:/maximsdk/tools/gnutools/10.3/bin/../lib/gcc/arm-none-eabi/10.3.1/../../../../arm-none-eabi/lib/thumb/v7e-m+fp/softfp\libc.a
END GROUP
LOAD c:/maximsdk/tools/gnutools/10.3/bin/../lib/gcc/arm-none-eabi/10.3.1/thumb/v7e-m+fp/softfp/crtend.o
LOAD c:/maximsdk/tools/gnutools/10.3/bin/../lib/gcc/arm-none-eabi/10.3.1/thumb/v7e-m+fp/softfp/crtn.o
                0x00080000                FLASH_MEM_SIZE = (_ARM_FLASH_SIZE - _PAL_NVM_SIZE)
                0x10080000                PAL_NVM_ORIGIN = ((_ARM_FLASH_SIZE - _PAL_NVM_SIZE) + _ARM_FLASH_ORIGIN)
                0x10080000                RISCV_FLASH_ORIGIN = (PAL_NVM_ORIGIN + _PAL_NVM_SIZE)
                0x00000000                RISCV_FLASH_SIZE = (_FLASH_SIZE - _ARM_FLASH_SIZE)
                0x20020000                MAILBOX_ORIGIN = (_ARM_SRAM_ORIGIN + _ARM_SRAM_SIZE)
                0x20020000                RISCV_SRAM_ORIGIN = (MAILBOX_ORIGIN + (0x2 * _MAILBOX_SIZE))
                0x00000000                RISCV_SRAM_SIZE = ((_SRAM_SIZE - _ARM_SRAM_SIZE) - (0x2 * _MAILBOX_SIZE))

.rom
 *(.rom_vector)
 *(.rom_handlers*)

.text           0x10000000     0xba3c
                0x10000000                _text = .
 *(.isr_vector)
 .isr_vector    0x10000000      0x1d0 c:/MaximSDK/Examples/MAX32655/Max32655CodeForMax30009/build/startup_max32655.o
                0x10000000                __isr_vector
 EXCLUDE_FILE(*riscv.o) *(.text*)
 .text          0x100001d0       0x40 c:/maximsdk/tools/gnutools/10.3/bin/../lib/gcc/arm-none-eabi/10.3.1/thumb/v7e-m+fp/softfp/crtbegin.o
 .text.GSRsettings
                0x10000210       0xd0 c:/MaximSDK/Examples/MAX32655/Max32655CodeForMax30009/build/bioZ.o
                0x10000210                GSRsettings
 .text.setMode  0x100002e0      0x1ec c:/MaximSDK/Examples/MAX32655/Max32655CodeForMax30009/build/bioZ.o
                0x100002e0                setMode
 *fill*         0x100004cc        0x4 
 .text.calcBioZ
                0x100004d0      0x238 c:/MaximSDK/Examples/MAX32655/Max32655CodeForMax30009/build/bioZ.o
                0x100004d0                calcBioZ
 .text.startup.main
                0x10000708       0x48 c:/MaximSDK/Examples/MAX32655/Max32655CodeForMax30009/build/main.o
                0x10000708                main
 .text.init     0x10000750       0x7c c:/MaximSDK/Examples/MAX32655/Max32655CodeForMax30009/build/MAX30009.o
                0x10000750                init
 .text.initSPI  0x100007cc       0xa8 c:/MaximSDK/Examples/MAX32655/Max32655CodeForMax30009/build/spiFunctions.o
                0x100007cc                initSPI
 .text.regWrite
                0x10000874       0x70 c:/MaximSDK/Examples/MAX32655/Max32655CodeForMax30009/build/spiFunctions.o
                0x10000874                regWrite
 .text.regRead  0x100008e4       0x90 c:/MaximSDK/Examples/MAX32655/Max32655CodeForMax30009/build/spiFunctions.o
                0x100008e4                regRead
 .text.shutdownSPI
                0x10000974       0x30 c:/MaximSDK/Examples/MAX32655/Max32655CodeForMax30009/build/spiFunctions.o
                0x10000974                shutdownSPI
 .text.changeReg
                0x100009a4      0x11c c:/MaximSDK/Examples/MAX32655/Max32655CodeForMax30009/build/spiFunctions.o
                0x100009a4                changeReg
 .text.spiBurst
                0x10000ac0      0x138 c:/MaximSDK/Examples/MAX32655/Max32655CodeForMax30009/build/spiFunctions.o
                0x10000ac0                spiBurst
 .text.ext_flash_clock
                0x10000bf8       0x74 c:/MaximSDK/Examples/MAX32655/Max32655CodeForMax30009/build/board.o
 .text.ext_flash_board_init
                0x10000c6c       0x88 c:/MaximSDK/Examples/MAX32655/Max32655CodeForMax30009/build/board.o
 .text.ext_flash_board_read
                0x10000cf4      0x108 c:/MaximSDK/Examples/MAX32655/Max32655CodeForMax30009/build/board.o
 .text.ext_flash_board_write
                0x10000dfc      0x108 c:/MaximSDK/Examples/MAX32655/Max32655CodeForMax30009/build/board.o
 .text.mxc_assert
                0x10000f04       0x10 c:/MaximSDK/Examples/MAX32655/Max32655CodeForMax30009/build/board.o
                0x10000f04                mxc_assert
 .text.Board_Init
                0x10000f14       0x7c c:/MaximSDK/Examples/MAX32655/Max32655CodeForMax30009/build/board.o
                0x10000f14                Board_Init
 .text.NMI_Handler
                0x10000f90        0x4 c:/MaximSDK/Examples/MAX32655/Max32655CodeForMax30009/build/board.o
                0x10000f90                NMI_Handler
 .text._close   0x10000f94        0x8 c:/MaximSDK/Examples/MAX32655/Max32655CodeForMax30009/build/stdio.o
                0x10000f94                _close
 .text._isatty  0x10000f9c        0x8 c:/MaximSDK/Examples/MAX32655/Max32655CodeForMax30009/build/stdio.o
                0x10000f9c                _isatty
 .text._lseek   0x10000fa4        0x8 c:/MaximSDK/Examples/MAX32655/Max32655CodeForMax30009/build/stdio.o
                0x10000fa4                _lseek
 .text._fstat   0x10000fac        0x8 c:/MaximSDK/Examples/MAX32655/Max32655CodeForMax30009/build/stdio.o
                0x10000fac                _fstat
 .text._read    0x10000fb4       0x64 c:/MaximSDK/Examples/MAX32655/Max32655CodeForMax30009/build/stdio.o
                0x10000fb4                _read
 .text._write   0x10001018       0x60 c:/MaximSDK/Examples/MAX32655/Max32655CodeForMax30009/build/stdio.o
                0x10001018                _write
 .text.LED_Init
                0x10001078       0x40 c:/MaximSDK/Examples/MAX32655/Max32655CodeForMax30009/build/led.o
                0x10001078                LED_Init
 .text.PB_Init  0x100010b8       0x38 c:/MaximSDK/Examples/MAX32655/Max32655CodeForMax30009/build/pb.o
                0x100010b8                PB_Init
 .text.GPIO0_IRQHandler
                0x100010f0        0x8 c:/MaximSDK/Examples/MAX32655/Max32655CodeForMax30009/build/pb.o
                0x100010f0                GPIO0_IRQHandler
 .text.GPIO1_IRQHandler
                0x100010f8        0x8 c:/MaximSDK/Examples/MAX32655/Max32655CodeForMax30009/build/pb.o
                0x100010f8                GPIO1_IRQHandler
 .text.Ext_Flash_Configure
                0x10001100       0x28 c:/MaximSDK/Examples/MAX32655/Max32655CodeForMax30009/build/w25.o
                0x10001100                Ext_Flash_Configure
 .text          0x10001128      0x140 c:/MaximSDK/Examples/MAX32655/Max32655CodeForMax30009/build/startup_max32655.o
                0x10001128                Reset_Handler
                0x10001166                HardFault_Handler
                0x10001168                MemManage_Handler
                0x1000116a                BusFault_Handler
                0x1000116c                UsageFault_Handler
                0x1000116e                SVC_Handler
                0x10001170                DebugMon_Handler
                0x10001172                PendSV_Handler
                0x10001174                SysTick_Handler
                0x10001176                Default_Handler
                0x10001178                PF_IRQHandler
                0x1000117a                WDT0_IRQHandler
                0x1000117c                RSV02_IRQHandler
                0x1000117e                RTC_IRQHandler
                0x10001180                TRNG_IRQHandler
                0x10001182                TMR0_IRQHandler
                0x10001184                TMR1_IRQHandler
                0x10001186                TMR2_IRQHandler
                0x10001188                TMR3_IRQHandler
                0x1000118a                TMR4_IRQHandler
                0x1000118c                TMR5_IRQHandler
                0x1000118e                RSV11_IRQHandler
                0x10001190                RSV12_IRQHandler
                0x10001192                I2C0_IRQHandler
                0x10001194                UART0_IRQHandler
                0x10001196                UART1_IRQHandler
                0x10001198                SPI1_IRQHandler
                0x1000119a                RSV17_IRQHandler
                0x1000119c                RSV18_IRQHandler
                0x1000119e                RSV19_IRQHandler
                0x100011a0                ADC_IRQHandler
                0x100011a2                RSV21_IRQHandler
                0x100011a4                RSV22_IRQHandler
                0x100011a6                FLC0_IRQHandler
                0x100011ac                GPIO2_IRQHandler
                0x100011ae                RSV27_IRQHandler
                0x100011b0                DMA0_IRQHandler
                0x100011b2                DMA1_IRQHandler
                0x100011b4                DMA2_IRQHandler
                0x100011b6                DMA3_IRQHandler
                0x100011b8                RSV32_IRQHandler
                0x100011ba                RSV33_IRQHandler
                0x100011bc                UART2_IRQHandler
                0x100011be                RSV35_IRQHandler
                0x100011c0                I2C1_IRQHandler
                0x100011c2                RSV37_IRQHandler
                0x100011c4                RSV38_IRQHandler
                0x100011c6                BTLE_TX_DONE_IRQHandler
                0x100011c8                BTLE_RX_RCVD_IRQHandler
                0x100011ca                BTLE_RX_ENG_DET_IRQHandler
                0x100011cc                BTLE_SFD_DET_IRQHandler
                0x100011ce                BTLE_SFD_TO_IRQHandler
                0x100011d0                BTLE_GP_EVENT_IRQHandler
                0x100011d2                BTLE_CFO_IRQHandler
                0x100011d4                BTLE_SIG_DET_IRQHandler
                0x100011d6                BTLE_AGC_EVENT_IRQHandler
                0x100011d8                BTLE_RFFE_SPIM_IRQHandler
                0x100011da                BTLE_TX_AES_IRQHandler
                0x100011dc                BTLE_RX_AES_IRQHandler
                0x100011de                BTLE_INV_APB_ADDR_IRQHandler
                0x100011e0                BTLE_IQ_DATA_VALID_IRQHandler
                0x100011e2                WUT_IRQHandler
                0x100011e4                GPIOWAKE_IRQHandler
                0x100011e6                RSV55_IRQHandler
                0x100011e8                SPI0_IRQHandler
                0x100011ea                WDT1_IRQHandler
                0x100011ec                RSV57_IRQHandler
                0x100011ee                PT_IRQHandler
                0x100011f0                RSV60_IRQHandler
                0x100011f2                RSV61_IRQHandler
                0x100011f4                I2C2_IRQHandler
                0x100011f6                RISCV_IRQHandler
                0x100011f8                RSV64_IRQHandler
                0x100011fa                RSV65_IRQHandler
                0x100011fc                RSV66_IRQHandler
                0x100011fe                OWM_IRQHandler
                0x10001200                RSV68_IRQHandler
                0x10001202                RSV69_IRQHandler
                0x10001204                RSV70_IRQHandler
                0x10001206                RSV71_IRQHandler
                0x10001208                RSV72_IRQHandler
                0x1000120a                RSV73_IRQHandler
                0x1000120c                RSV74_IRQHandler
                0x1000120e                RSV75_IRQHandler
                0x10001210                RSV76_IRQHandler
                0x10001212                RSV77_IRQHandler
                0x10001214                RSV78_IRQHandler
                0x10001216                RSV79_IRQHandler
                0x10001218                RSV80_IRQHandler
                0x1000121a                RSV81_IRQHandler
                0x1000121c                ECC_IRQHandler
                0x1000121e                DVS_IRQHandler
                0x10001220                SIMO_IRQHandler
                0x10001222                RSV85_IRQHandler
                0x10001224                RSV86_IRQHandler
                0x10001226                RSV87_IRQHandler
                0x10001228                UART3_IRQHandler
                0x1000122a                RSV89_IRQHandler
                0x1000122c                RSV90_IRQHandler
                0x1000122e                RSV91_IRQHandler
                0x10001230                RSV92_IRQHandler
                0x10001232                RSV93_IRQHandler
                0x10001234                RSV94_IRQHandler
                0x10001236                RSV95_IRQHandler
                0x10001238                RSV96_IRQHandler
                0x1000123a                AES_IRQHandler
                0x1000123c                CRC_IRQHandler
                0x1000123e                I2S_IRQHandler
 .text._sbrk    0x10001268       0x3c c:/MaximSDK/Examples/MAX32655/Max32655CodeForMax30009/build/heap.o
                0x10001268                _sbrk
 .text.SystemCoreClockUpdate
                0x100012a4       0x78 c:/MaximSDK/Examples/MAX32655/Max32655CodeForMax30009/build/system_max32655.o
                0x100012a4                SystemCoreClockUpdate
 .text.PreInit  0x1000131c       0x48 c:/MaximSDK/Examples/MAX32655/Max32655CodeForMax30009/build/system_max32655.o
                0x1000131c                PreInit
 .text.PalSysInit
                0x10001364        0x4 c:/MaximSDK/Examples/MAX32655/Max32655CodeForMax30009/build/system_max32655.o
                0x10001364                PalSysInit
 .text.SystemInit
                0x10001368       0x7c c:/MaximSDK/Examples/MAX32655/Max32655CodeForMax30009/build/system_max32655.o
                0x10001368                SystemInit
 .text.MXC_DelayInit
                0x100013e4       0x7c C:/MaximSDK/Libraries/PeriphDrivers/bin/MAX32655/softfp/libPeriphDriver_softfp.a(mxc_delay.o)
 .text.MXC_DelayAsync
                0x10001460       0x3c C:/MaximSDK/Libraries/PeriphDrivers/bin/MAX32655/softfp/libPeriphDriver_softfp.a(mxc_delay.o)
                0x10001460                MXC_DelayAsync
 .text.MXC_DelayCheck
                0x1000149c       0x70 C:/MaximSDK/Libraries/PeriphDrivers/bin/MAX32655/softfp/libPeriphDriver_softfp.a(mxc_delay.o)
                0x1000149c                MXC_DelayCheck
 .text.MXC_DelayAbort
                0x1000150c       0x34 C:/MaximSDK/Libraries/PeriphDrivers/bin/MAX32655/softfp/libPeriphDriver_softfp.a(mxc_delay.o)
                0x1000150c                MXC_DelayAbort
 .text.MXC_Delay
                0x10001540       0x74 C:/MaximSDK/Libraries/PeriphDrivers/bin/MAX32655/softfp/libPeriphDriver_softfp.a(mxc_delay.o)
                0x10001540                MXC_Delay
 .text.MXC_SYS_ClockDisable
                0x100015b4       0x44 C:/MaximSDK/Libraries/PeriphDrivers/bin/MAX32655/softfp/libPeriphDriver_softfp.a(sys_me17.o)
                0x100015b4                MXC_SYS_ClockDisable
 .text.MXC_SYS_ClockEnable
                0x100015f8       0x4c C:/MaximSDK/Libraries/PeriphDrivers/bin/MAX32655/softfp/libPeriphDriver_softfp.a(sys_me17.o)
                0x100015f8                MXC_SYS_ClockEnable
 .text.MXC_SYS_ClockSourceEnable
                0x10001644      0x100 C:/MaximSDK/Libraries/PeriphDrivers/bin/MAX32655/softfp/libPeriphDriver_softfp.a(sys_me17.o)
                0x10001644                MXC_SYS_ClockSourceEnable
 .text.MXC_SYS_Clock_Select
                0x10001744      0x1cc C:/MaximSDK/Libraries/PeriphDrivers/bin/MAX32655/softfp/libPeriphDriver_softfp.a(sys_me17.o)
                0x10001744                MXC_SYS_Clock_Select
 .text.MXC_SYS_SetClockDiv
                0x10001910       0x24 C:/MaximSDK/Libraries/PeriphDrivers/bin/MAX32655/softfp/libPeriphDriver_softfp.a(sys_me17.o)
                0x10001910                MXC_SYS_SetClockDiv
 .text.MXC_SYS_Reset_Periph
                0x10001934       0x50 C:/MaximSDK/Libraries/PeriphDrivers/bin/MAX32655/softfp/libPeriphDriver_softfp.a(sys_me17.o)
                0x10001934                MXC_SYS_Reset_Periph
 .text.MXC_GPIO_Config
                0x10001984      0x19c C:/MaximSDK/Libraries/PeriphDrivers/bin/MAX32655/softfp/libPeriphDriver_softfp.a(gpio_me17.o)
                0x10001984                MXC_GPIO_Config
 .text.MXC_GPIO_OutSet
                0x10001b20       0x34 C:/MaximSDK/Libraries/PeriphDrivers/bin/MAX32655/softfp/libPeriphDriver_softfp.a(gpio_me17.o)
                0x10001b20                MXC_GPIO_OutSet
 .text.MXC_GPIO_Handler
                0x10001b54        0x4 C:/MaximSDK/Libraries/PeriphDrivers/bin/MAX32655/softfp/libPeriphDriver_softfp.a(gpio_me17.o)
                0x10001b54                MXC_GPIO_Handler
 .text.MXC_GPIO_ClearFlags
                0x10001b58        0x4 C:/MaximSDK/Libraries/PeriphDrivers/bin/MAX32655/softfp/libPeriphDriver_softfp.a(gpio_me17.o)
                0x10001b58                MXC_GPIO_ClearFlags
 .text.MXC_GPIO_GetFlags
                0x10001b5c        0x4 C:/MaximSDK/Libraries/PeriphDrivers/bin/MAX32655/softfp/libPeriphDriver_softfp.a(gpio_me17.o)
                0x10001b5c                MXC_GPIO_GetFlags
 .text.MXC_GPIO_RevA_OutSet
                0x10001b60        0x4 C:/MaximSDK/Libraries/PeriphDrivers/bin/MAX32655/softfp/libPeriphDriver_softfp.a(gpio_reva.o)
                0x10001b60                MXC_GPIO_RevA_OutSet
 .text.MXC_GPIO_RevA_ClearFlags
                0x10001b64        0x4 C:/MaximSDK/Libraries/PeriphDrivers/bin/MAX32655/softfp/libPeriphDriver_softfp.a(gpio_reva.o)
                0x10001b64                MXC_GPIO_RevA_ClearFlags
 .text.MXC_GPIO_RevA_GetFlags
                0x10001b68        0x4 C:/MaximSDK/Libraries/PeriphDrivers/bin/MAX32655/softfp/libPeriphDriver_softfp.a(gpio_reva.o)
                0x10001b68                MXC_GPIO_RevA_GetFlags
 .text.MXC_GPIO_RevA_SetVSSEL
                0x10001b6c       0x30 C:/MaximSDK/Libraries/PeriphDrivers/bin/MAX32655/softfp/libPeriphDriver_softfp.a(gpio_reva.o)
                0x10001b6c                MXC_GPIO_RevA_SetVSSEL
 .text.MXC_GPIO_RevA_SetAF
                0x10001b9c       0x68 C:/MaximSDK/Libraries/PeriphDrivers/bin/MAX32655/softfp/libPeriphDriver_softfp.a(gpio_reva.o)
                0x10001b9c                MXC_GPIO_RevA_SetAF
 .text.MXC_ICC_Enable
                0x10001c04        0x4 C:/MaximSDK/Libraries/PeriphDrivers/bin/MAX32655/softfp/libPeriphDriver_softfp.a(icc_me17.o)
                0x10001c04                MXC_ICC_Enable
 .text.MXC_ICC_RevA_Enable
                0x10001c08       0x30 C:/MaximSDK/Libraries/PeriphDrivers/bin/MAX32655/softfp/libPeriphDriver_softfp.a(icc_reva.o)
                0x10001c08                MXC_ICC_RevA_Enable
 .text.MXC_SIMO_SetVregO_A
                0x10001c38        0xc C:/MaximSDK/Libraries/PeriphDrivers/bin/MAX32655/softfp/libPeriphDriver_softfp.a(simo_me17.o)
                0x10001c38                MXC_SIMO_SetVregO_A
 .text.MXC_SIMO_SetVregO_B
                0x10001c44        0xc C:/MaximSDK/Libraries/PeriphDrivers/bin/MAX32655/softfp/libPeriphDriver_softfp.a(simo_me17.o)
                0x10001c44                MXC_SIMO_SetVregO_B
 .text.MXC_SIMO_SetVregO_C
                0x10001c50        0xc C:/MaximSDK/Libraries/PeriphDrivers/bin/MAX32655/softfp/libPeriphDriver_softfp.a(simo_me17.o)
                0x10001c50                MXC_SIMO_SetVregO_C
 .text.MXC_SIMO_GetOutReadyA
                0x10001c5c        0xc C:/MaximSDK/Libraries/PeriphDrivers/bin/MAX32655/softfp/libPeriphDriver_softfp.a(simo_me17.o)
                0x10001c5c                MXC_SIMO_GetOutReadyA
 .text.MXC_SIMO_GetOutReadyB
                0x10001c68        0xc C:/MaximSDK/Libraries/PeriphDrivers/bin/MAX32655/softfp/libPeriphDriver_softfp.a(simo_me17.o)
                0x10001c68                MXC_SIMO_GetOutReadyB
 .text.MXC_SIMO_GetOutReadyC
                0x10001c74        0xc C:/MaximSDK/Libraries/PeriphDrivers/bin/MAX32655/softfp/libPeriphDriver_softfp.a(simo_me17.o)
                0x10001c74                MXC_SIMO_GetOutReadyC
 .text.MXC_SIMO_RevA_SetVregO_A
                0x10001c80       0x30 C:/MaximSDK/Libraries/PeriphDrivers/bin/MAX32655/softfp/libPeriphDriver_softfp.a(simo_reva.o)
                0x10001c80                MXC_SIMO_RevA_SetVregO_A
 .text.MXC_SIMO_RevA_SetVregO_B
                0x10001cb0       0x30 C:/MaximSDK/Libraries/PeriphDrivers/bin/MAX32655/softfp/libPeriphDriver_softfp.a(simo_reva.o)
                0x10001cb0                MXC_SIMO_RevA_SetVregO_B
 .text.MXC_SIMO_RevA_SetVregO_C
                0x10001ce0       0x30 C:/MaximSDK/Libraries/PeriphDrivers/bin/MAX32655/softfp/libPeriphDriver_softfp.a(simo_reva.o)
                0x10001ce0                MXC_SIMO_RevA_SetVregO_C
 .text.MXC_SIMO_RevA_GetOutReadyA
                0x10001d10       0x10 C:/MaximSDK/Libraries/PeriphDrivers/bin/MAX32655/softfp/libPeriphDriver_softfp.a(simo_reva.o)
                0x10001d10                MXC_SIMO_RevA_GetOutReadyA
 .text.MXC_SIMO_RevA_GetOutReadyB
                0x10001d20       0x10 C:/MaximSDK/Libraries/PeriphDrivers/bin/MAX32655/softfp/libPeriphDriver_softfp.a(simo_reva.o)
                0x10001d20                MXC_SIMO_RevA_GetOutReadyB
 .text.MXC_SIMO_RevA_GetOutReadyC
                0x10001d30       0x10 C:/MaximSDK/Libraries/PeriphDrivers/bin/MAX32655/softfp/libPeriphDriver_softfp.a(simo_reva.o)
                0x10001d30                MXC_SIMO_RevA_GetOutReadyC
 .text.MXC_SPI_Init
                0x10001d40      0x234 C:/MaximSDK/Libraries/PeriphDrivers/bin/MAX32655/softfp/libPeriphDriver_softfp.a(spi_me17.o)
                0x10001d40                MXC_SPI_Init
 .text.MXC_SPI_Shutdown
                0x10001f74       0x50 C:/MaximSDK/Libraries/PeriphDrivers/bin/MAX32655/softfp/libPeriphDriver_softfp.a(spi_me17.o)
                0x10001f74                MXC_SPI_Shutdown
 .text.MXC_SPI_GetPeripheralClock
                0x10001fc4       0x78 C:/MaximSDK/Libraries/PeriphDrivers/bin/MAX32655/softfp/libPeriphDriver_softfp.a(spi_me17.o)
                0x10001fc4                MXC_SPI_GetPeripheralClock
 .text.MXC_SPI_SetFrequency
                0x1000203c        0x4 C:/MaximSDK/Libraries/PeriphDrivers/bin/MAX32655/softfp/libPeriphDriver_softfp.a(spi_me17.o)
                0x1000203c                MXC_SPI_SetFrequency
 .text.MXC_SPI_SetDataSize
                0x10002040        0x4 C:/MaximSDK/Libraries/PeriphDrivers/bin/MAX32655/softfp/libPeriphDriver_softfp.a(spi_me17.o)
                0x10002040                MXC_SPI_SetDataSize
 .text.MXC_SPI_GetDataSize
                0x10002044        0x4 C:/MaximSDK/Libraries/PeriphDrivers/bin/MAX32655/softfp/libPeriphDriver_softfp.a(spi_me17.o)
                0x10002044                MXC_SPI_GetDataSize
 .text.MXC_SPI_SetSlave
                0x10002048        0x4 C:/MaximSDK/Libraries/PeriphDrivers/bin/MAX32655/softfp/libPeriphDriver_softfp.a(spi_me17.o)
                0x10002048                MXC_SPI_SetSlave
 .text.MXC_SPI_SetWidth
                0x1000204c        0x4 C:/MaximSDK/Libraries/PeriphDrivers/bin/MAX32655/softfp/libPeriphDriver_softfp.a(spi_me17.o)
                0x1000204c                MXC_SPI_SetWidth
 .text.MXC_SPI_GetWidth
                0x10002050        0x4 C:/MaximSDK/Libraries/PeriphDrivers/bin/MAX32655/softfp/libPeriphDriver_softfp.a(spi_me17.o)
                0x10002050                MXC_SPI_GetWidth
 .text.MXC_SPI_SetMode
                0x10002054        0x4 C:/MaximSDK/Libraries/PeriphDrivers/bin/MAX32655/softfp/libPeriphDriver_softfp.a(spi_me17.o)
                0x10002054                MXC_SPI_SetMode
 .text.MXC_SPI_StartTransmission
                0x10002058        0x4 C:/MaximSDK/Libraries/PeriphDrivers/bin/MAX32655/softfp/libPeriphDriver_softfp.a(spi_me17.o)
                0x10002058                MXC_SPI_StartTransmission
 .text.MXC_SPI_GetActive
                0x1000205c        0x4 C:/MaximSDK/Libraries/PeriphDrivers/bin/MAX32655/softfp/libPeriphDriver_softfp.a(spi_me17.o)
                0x1000205c                MXC_SPI_GetActive
 .text.MXC_SPI_ReadRXFIFO
                0x10002060        0x4 C:/MaximSDK/Libraries/PeriphDrivers/bin/MAX32655/softfp/libPeriphDriver_softfp.a(spi_me17.o)
                0x10002060                MXC_SPI_ReadRXFIFO
 .text.MXC_SPI_GetRXFIFOAvailable
                0x10002064        0x4 C:/MaximSDK/Libraries/PeriphDrivers/bin/MAX32655/softfp/libPeriphDriver_softfp.a(spi_me17.o)
                0x10002064                MXC_SPI_GetRXFIFOAvailable
 .text.MXC_SPI_WriteTXFIFO
                0x10002068        0x4 C:/MaximSDK/Libraries/PeriphDrivers/bin/MAX32655/softfp/libPeriphDriver_softfp.a(spi_me17.o)
                0x10002068                MXC_SPI_WriteTXFIFO
 .text.MXC_SPI_GetTXFIFOAvailable
                0x1000206c        0x4 C:/MaximSDK/Libraries/PeriphDrivers/bin/MAX32655/softfp/libPeriphDriver_softfp.a(spi_me17.o)
                0x1000206c                MXC_SPI_GetTXFIFOAvailable
 .text.MXC_SPI_SetRXThreshold
                0x10002070        0x4 C:/MaximSDK/Libraries/PeriphDrivers/bin/MAX32655/softfp/libPeriphDriver_softfp.a(spi_me17.o)
                0x10002070                MXC_SPI_SetRXThreshold
 .text.MXC_SPI_SetTXThreshold
                0x10002074        0x4 C:/MaximSDK/Libraries/PeriphDrivers/bin/MAX32655/softfp/libPeriphDriver_softfp.a(spi_me17.o)
                0x10002074                MXC_SPI_SetTXThreshold
 .text.MXC_SPI_MasterTransaction
                0x10002078        0x4 C:/MaximSDK/Libraries/PeriphDrivers/bin/MAX32655/softfp/libPeriphDriver_softfp.a(spi_me17.o)
                0x10002078                MXC_SPI_MasterTransaction
 .text.MXC_SPI_RevA_TransSetup
                0x1000207c      0x1a4 C:/MaximSDK/Libraries/PeriphDrivers/bin/MAX32655/softfp/libPeriphDriver_softfp.a(spi_reva.o)
 .text.MXC_SPI_RevA_TransHandler
                0x10002220      0x16c C:/MaximSDK/Libraries/PeriphDrivers/bin/MAX32655/softfp/libPeriphDriver_softfp.a(spi_reva.o)
 .text.MXC_SPI_RevA_Init
                0x1000238c       0xfc C:/MaximSDK/Libraries/PeriphDrivers/bin/MAX32655/softfp/libPeriphDriver_softfp.a(spi_reva.o)
                0x1000238c                MXC_SPI_RevA_Init
 .text.MXC_SPI_RevA_Shutdown
                0x10002488       0xd0 C:/MaximSDK/Libraries/PeriphDrivers/bin/MAX32655/softfp/libPeriphDriver_softfp.a(spi_reva.o)
                0x10002488                MXC_SPI_RevA_Shutdown
 .text.MXC_SPI_RevA_SetFrequency
                0x10002558       0x94 C:/MaximSDK/Libraries/PeriphDrivers/bin/MAX32655/softfp/libPeriphDriver_softfp.a(spi_reva.o)
                0x10002558                MXC_SPI_RevA_SetFrequency
 .text.MXC_SPI_RevA_SetDataSize
                0x100025ec       0xa0 C:/MaximSDK/Libraries/PeriphDrivers/bin/MAX32655/softfp/libPeriphDriver_softfp.a(spi_reva.o)
                0x100025ec                MXC_SPI_RevA_SetDataSize
 .text.MXC_SPI_RevA_GetDataSize
                0x1000268c       0x3c C:/MaximSDK/Libraries/PeriphDrivers/bin/MAX32655/softfp/libPeriphDriver_softfp.a(spi_reva.o)
                0x1000268c                MXC_SPI_RevA_GetDataSize
 .text.MXC_SPI_RevA_SetSlave
                0x100026c8       0x68 C:/MaximSDK/Libraries/PeriphDrivers/bin/MAX32655/softfp/libPeriphDriver_softfp.a(spi_reva.o)
                0x100026c8                MXC_SPI_RevA_SetSlave
 .text.MXC_SPI_RevA_SetWidth
                0x10002730       0x6c C:/MaximSDK/Libraries/PeriphDrivers/bin/MAX32655/softfp/libPeriphDriver_softfp.a(spi_reva.o)
                0x10002730                MXC_SPI_RevA_SetWidth
 .text.MXC_SPI_RevA_GetWidth
                0x1000279c       0x24 C:/MaximSDK/Libraries/PeriphDrivers/bin/MAX32655/softfp/libPeriphDriver_softfp.a(spi_reva.o)
                0x1000279c                MXC_SPI_RevA_GetWidth
 .text.MXC_SPI_RevA_SetMode
                0x100027c0       0x88 C:/MaximSDK/Libraries/PeriphDrivers/bin/MAX32655/softfp/libPeriphDriver_softfp.a(spi_reva.o)
                0x100027c0                MXC_SPI_RevA_SetMode
 .text.MXC_SPI_RevA_StartTransmission
                0x10002848       0x40 C:/MaximSDK/Libraries/PeriphDrivers/bin/MAX32655/softfp/libPeriphDriver_softfp.a(spi_reva.o)
                0x10002848                MXC_SPI_RevA_StartTransmission
 .text.MXC_SPI_RevA_GetActive
                0x10002888       0x10 C:/MaximSDK/Libraries/PeriphDrivers/bin/MAX32655/softfp/libPeriphDriver_softfp.a(spi_reva.o)
                0x10002888                MXC_SPI_RevA_GetActive
 .text.MXC_SPI_RevA_ReadRXFIFO
                0x10002898       0x88 C:/MaximSDK/Libraries/PeriphDrivers/bin/MAX32655/softfp/libPeriphDriver_softfp.a(spi_reva.o)
                0x10002898                MXC_SPI_RevA_ReadRXFIFO
 .text.MXC_SPI_RevA_GetRXFIFOAvailable
                0x10002920        0x8 C:/MaximSDK/Libraries/PeriphDrivers/bin/MAX32655/softfp/libPeriphDriver_softfp.a(spi_reva.o)
                0x10002920                MXC_SPI_RevA_GetRXFIFOAvailable
 .text.MXC_SPI_RevA_WriteTXFIFO
                0x10002928       0x90 C:/MaximSDK/Libraries/PeriphDrivers/bin/MAX32655/softfp/libPeriphDriver_softfp.a(spi_reva.o)
                0x10002928                MXC_SPI_RevA_WriteTXFIFO
 .text.MXC_SPI_RevA_GetTXFIFOAvailable
                0x100029b8       0x38 C:/MaximSDK/Libraries/PeriphDrivers/bin/MAX32655/softfp/libPeriphDriver_softfp.a(spi_reva.o)
                0x100029b8                MXC_SPI_RevA_GetTXFIFOAvailable
 .text.MXC_SPI_RevA_SetRXThreshold
                0x100029f0       0x4c C:/MaximSDK/Libraries/PeriphDrivers/bin/MAX32655/softfp/libPeriphDriver_softfp.a(spi_reva.o)
                0x100029f0                MXC_SPI_RevA_SetRXThreshold
 .text.MXC_SPI_RevA_SetTXThreshold
                0x10002a3c       0x48 C:/MaximSDK/Libraries/PeriphDrivers/bin/MAX32655/softfp/libPeriphDriver_softfp.a(spi_reva.o)
                0x10002a3c                MXC_SPI_RevA_SetTXThreshold
 .text.MXC_SPI_RevA_MasterTransaction
                0x10002a84       0xbc C:/MaximSDK/Libraries/PeriphDrivers/bin/MAX32655/softfp/libPeriphDriver_softfp.a(spi_reva.o)
                0x10002a84                MXC_SPI_RevA_MasterTransaction
 .text.MXC_UART_Shutdown
                0x10002b40       0x70 C:/MaximSDK/Libraries/PeriphDrivers/bin/MAX32655/softfp/libPeriphDriver_softfp.a(uart_me17.o)
                0x10002b40                MXC_UART_Shutdown
 .text.MXC_UART_Init
                0x10002bb0       0xb8 C:/MaximSDK/Libraries/PeriphDrivers/bin/MAX32655/softfp/libPeriphDriver_softfp.a(uart_me17.o)
                0x10002bb0                MXC_UART_Init
 .text.MXC_UART_SetFrequency
                0x10002c68       0xf4 C:/MaximSDK/Libraries/PeriphDrivers/bin/MAX32655/softfp/libPeriphDriver_softfp.a(uart_me17.o)
                0x10002c68                MXC_UART_SetFrequency
 .text.MXC_UART_GetFrequency
                0x10002d5c       0x64 C:/MaximSDK/Libraries/PeriphDrivers/bin/MAX32655/softfp/libPeriphDriver_softfp.a(uart_me17.o)
                0x10002d5c                MXC_UART_GetFrequency
 .text.MXC_UART_SetDataSize
                0x10002dc0        0x4 C:/MaximSDK/Libraries/PeriphDrivers/bin/MAX32655/softfp/libPeriphDriver_softfp.a(uart_me17.o)
                0x10002dc0                MXC_UART_SetDataSize
 .text.MXC_UART_SetStopBits
                0x10002dc4        0x4 C:/MaximSDK/Libraries/PeriphDrivers/bin/MAX32655/softfp/libPeriphDriver_softfp.a(uart_me17.o)
                0x10002dc4                MXC_UART_SetStopBits
 .text.MXC_UART_SetParity
                0x10002dc8        0x4 C:/MaximSDK/Libraries/PeriphDrivers/bin/MAX32655/softfp/libPeriphDriver_softfp.a(uart_me17.o)
                0x10002dc8                MXC_UART_SetParity
 .text.MXC_UART_ReadCharacterRaw
                0x10002dcc        0x4 C:/MaximSDK/Libraries/PeriphDrivers/bin/MAX32655/softfp/libPeriphDriver_softfp.a(uart_me17.o)
                0x10002dcc                MXC_UART_ReadCharacterRaw
 .text.MXC_UART_WriteCharacterRaw
                0x10002dd0        0x4 C:/MaximSDK/Libraries/PeriphDrivers/bin/MAX32655/softfp/libPeriphDriver_softfp.a(uart_me17.o)
                0x10002dd0                MXC_UART_WriteCharacterRaw
 .text.MXC_UART_ReadCharacter
                0x10002dd4        0x4 C:/MaximSDK/Libraries/PeriphDrivers/bin/MAX32655/softfp/libPeriphDriver_softfp.a(uart_me17.o)
                0x10002dd4                MXC_UART_ReadCharacter
 .text.MXC_UART_WriteCharacter
                0x10002dd8        0x4 C:/MaximSDK/Libraries/PeriphDrivers/bin/MAX32655/softfp/libPeriphDriver_softfp.a(uart_me17.o)
                0x10002dd8                MXC_UART_WriteCharacter
 .text.MXC_UART_GetRXFIFOAvailable
                0x10002ddc        0x4 C:/MaximSDK/Libraries/PeriphDrivers/bin/MAX32655/softfp/libPeriphDriver_softfp.a(uart_me17.o)
                0x10002ddc                MXC_UART_GetRXFIFOAvailable
 .text.MXC_UART_GetTXFIFOAvailable
                0x10002de0        0x4 C:/MaximSDK/Libraries/PeriphDrivers/bin/MAX32655/softfp/libPeriphDriver_softfp.a(uart_me17.o)
                0x10002de0                MXC_UART_GetTXFIFOAvailable
 .text.MXC_UART_SetRXThreshold
                0x10002de4        0x4 C:/MaximSDK/Libraries/PeriphDrivers/bin/MAX32655/softfp/libPeriphDriver_softfp.a(uart_me17.o)
                0x10002de4                MXC_UART_SetRXThreshold
 .text.MXC_UART_RevB_Init
                0x10002de8       0x70 C:/MaximSDK/Libraries/PeriphDrivers/bin/MAX32655/softfp/libPeriphDriver_softfp.a(uart_revb.o)
                0x10002de8                MXC_UART_RevB_Init
 .text.MXC_UART_RevB_SetFrequency
                0x10002e58       0xb4 C:/MaximSDK/Libraries/PeriphDrivers/bin/MAX32655/softfp/libPeriphDriver_softfp.a(uart_revb.o)
                0x10002e58                MXC_UART_RevB_SetFrequency
 .text.MXC_UART_RevB_GetFrequency
                0x10002f0c       0x8c C:/MaximSDK/Libraries/PeriphDrivers/bin/MAX32655/softfp/libPeriphDriver_softfp.a(uart_revb.o)
                0x10002f0c                MXC_UART_RevB_GetFrequency
 .text.MXC_UART_RevB_SetDataSize
                0x10002f98       0x40 C:/MaximSDK/Libraries/PeriphDrivers/bin/MAX32655/softfp/libPeriphDriver_softfp.a(uart_revb.o)
                0x10002f98                MXC_UART_RevB_SetDataSize
 .text.MXC_UART_RevB_SetStopBits
                0x10002fd8       0x4c C:/MaximSDK/Libraries/PeriphDrivers/bin/MAX32655/softfp/libPeriphDriver_softfp.a(uart_revb.o)
                0x10002fd8                MXC_UART_RevB_SetStopBits
 .text.MXC_UART_RevB_SetParity
                0x10003024       0xb4 C:/MaximSDK/Libraries/PeriphDrivers/bin/MAX32655/softfp/libPeriphDriver_softfp.a(uart_revb.o)
                0x10003024                MXC_UART_RevB_SetParity
 .text.MXC_UART_RevB_ReadCharacterRaw
                0x100030d8       0x38 C:/MaximSDK/Libraries/PeriphDrivers/bin/MAX32655/softfp/libPeriphDriver_softfp.a(uart_revb.o)
                0x100030d8                MXC_UART_RevB_ReadCharacterRaw
 .text.MXC_UART_RevB_WriteCharacterRaw
                0x10003110       0x3c C:/MaximSDK/Libraries/PeriphDrivers/bin/MAX32655/softfp/libPeriphDriver_softfp.a(uart_revb.o)
                0x10003110                MXC_UART_RevB_WriteCharacterRaw
 .text.MXC_UART_RevB_GetRXFIFOAvailable
                0x1000314c        0x8 C:/MaximSDK/Libraries/PeriphDrivers/bin/MAX32655/softfp/libPeriphDriver_softfp.a(uart_revb.o)
                0x1000314c                MXC_UART_RevB_GetRXFIFOAvailable
 .text.MXC_UART_RevB_GetTXFIFOAvailable
                0x10003154        0xc C:/MaximSDK/Libraries/PeriphDrivers/bin/MAX32655/softfp/libPeriphDriver_softfp.a(uart_revb.o)
                0x10003154                MXC_UART_RevB_GetTXFIFOAvailable
 .text.MXC_UART_RevB_SetRXThreshold
                0x10003160       0x40 C:/MaximSDK/Libraries/PeriphDrivers/bin/MAX32655/softfp/libPeriphDriver_softfp.a(uart_revb.o)
                0x10003160                MXC_UART_RevB_SetRXThreshold
 .text.MXC_GetLock
                0x100031a0       0x1c C:/MaximSDK/Libraries/PeriphDrivers/bin/MAX32655/softfp/libPeriphDriver_softfp.a(mxc_lock.o)
                0x100031a0                MXC_GetLock
 .text.MXC_FreeLock
                0x100031bc        0xc C:/MaximSDK/Libraries/PeriphDrivers/bin/MAX32655/softfp/libPeriphDriver_softfp.a(mxc_lock.o)
                0x100031bc                MXC_FreeLock
 .text.MXC_DMA_RevA_ReleaseChannel
                0x100031c8       0x48 C:/MaximSDK/Libraries/PeriphDrivers/bin/MAX32655/softfp/libPeriphDriver_softfp.a(dma_reva.o)
                0x100031c8                MXC_DMA_RevA_ReleaseChannel
 .text.MXC_GPIO_Common_Init
                0x10003210       0x24 C:/MaximSDK/Libraries/PeriphDrivers/bin/MAX32655/softfp/libPeriphDriver_softfp.a(gpio_common.o)
                0x10003210                MXC_GPIO_Common_Init
 .text.MXC_GPIO_Common_Handler
                0x10003234       0x88 C:/MaximSDK/Libraries/PeriphDrivers/bin/MAX32655/softfp/libPeriphDriver_softfp.a(gpio_common.o)
                0x10003234                MXC_GPIO_Common_Handler
 .text.MXC_UART_Common_ReadCharacter
                0x100032bc       0x18 C:/MaximSDK/Libraries/PeriphDrivers/bin/MAX32655/softfp/libPeriphDriver_softfp.a(uart_common.o)
                0x100032bc                MXC_UART_Common_ReadCharacter
 .text.MXC_UART_Common_WriteCharacter
                0x100032d4       0x1c C:/MaximSDK/Libraries/PeriphDrivers/bin/MAX32655/softfp/libPeriphDriver_softfp.a(uart_common.o)
                0x100032d4                MXC_UART_Common_WriteCharacter
 .text.calloc   0x100032f0       0x18 c:/maximsdk/tools/gnutools/10.3/bin/../lib/gcc/arm-none-eabi/10.3.1/../../../../arm-none-eabi/lib/thumb/v7e-m+fp/softfp\libc.a(lib_a-calloc.o)
                0x100032f0                calloc
 .text._calloc_r
                0x10003308       0x78 c:/maximsdk/tools/gnutools/10.3/bin/../lib/gcc/arm-none-eabi/10.3.1/../../../../arm-none-eabi/lib/thumb/v7e-m+fp/softfp\libc.a(lib_a-callocr.o)
                0x10003308                _calloc_r
 .text.__errno  0x10003380        0xc c:/maximsdk/tools/gnutools/10.3/bin/../lib/gcc/arm-none-eabi/10.3.1/../../../../arm-none-eabi/lib/thumb/v7e-m+fp/softfp\libc.a(lib_a-errno.o)
                0x10003380                __errno
 .text.__libc_init_array
                0x1000338c       0x48 c:/maximsdk/tools/gnutools/10.3/bin/../lib/gcc/arm-none-eabi/10.3.1/../../../../arm-none-eabi/lib/thumb/v7e-m+fp/softfp\libc.a(lib_a-init.o)
                0x1000338c                __libc_init_array
 .text.free     0x100033d4       0x10 c:/maximsdk/tools/gnutools/10.3/bin/../lib/gcc/arm-none-eabi/10.3.1/../../../../arm-none-eabi/lib/thumb/v7e-m+fp/softfp\libc.a(lib_a-malloc.o)
                0x100033d4                free
 .text._malloc_r
                0x100033e4      0x560 c:/maximsdk/tools/gnutools/10.3/bin/../lib/gcc/arm-none-eabi/10.3.1/../../../../arm-none-eabi/lib/thumb/v7e-m+fp/softfp\libc.a(lib_a-mallocr.o)
                0x100033e4                _malloc_r
 .text          0x10003944      0x134 c:/maximsdk/tools/gnutools/10.3/bin/../lib/gcc/arm-none-eabi/10.3.1/../../../../arm-none-eabi/lib/thumb/v7e-m+fp/softfp\libc.a(lib_a-memcpy.o)
                0x10003944                memcpy
 .text.memset   0x10003a78       0xa4 c:/maximsdk/tools/gnutools/10.3/bin/../lib/gcc/arm-none-eabi/10.3.1/../../../../arm-none-eabi/lib/thumb/v7e-m+fp/softfp\libc.a(lib_a-memset.o)
                0x10003a78                memset
 .text.__malloc_lock
                0x10003b1c        0xc c:/maximsdk/tools/gnutools/10.3/bin/../lib/gcc/arm-none-eabi/10.3.1/../../../../arm-none-eabi/lib/thumb/v7e-m+fp/softfp\libc.a(lib_a-mlock.o)
                0x10003b1c                __malloc_lock
 .text.__malloc_unlock
                0x10003b28        0xc c:/maximsdk/tools/gnutools/10.3/bin/../lib/gcc/arm-none-eabi/10.3.1/../../../../arm-none-eabi/lib/thumb/v7e-m+fp/softfp\libc.a(lib_a-mlock.o)
                0x10003b28                __malloc_unlock
 .text.printf   0x10003b34       0x28 c:/maximsdk/tools/gnutools/10.3/bin/../lib/gcc/arm-none-eabi/10.3.1/../../../../arm-none-eabi/lib/thumb/v7e-m+fp/softfp\libc.a(lib_a-printf.o)
                0x10003b34                printf
 .text._puts_r  0x10003b5c       0x9c c:/maximsdk/tools/gnutools/10.3/bin/../lib/gcc/arm-none-eabi/10.3.1/../../../../arm-none-eabi/lib/thumb/v7e-m+fp/softfp\libc.a(lib_a-puts.o)
                0x10003b5c                _puts_r
 .text.puts     0x10003bf8       0x10 c:/maximsdk/tools/gnutools/10.3/bin/../lib/gcc/arm-none-eabi/10.3.1/../../../../arm-none-eabi/lib/thumb/v7e-m+fp/softfp\libc.a(lib_a-puts.o)
                0x10003bf8                puts
 .text._sbrk_r  0x10003c08       0x24 c:/maximsdk/tools/gnutools/10.3/bin/../lib/gcc/arm-none-eabi/10.3.1/../../../../arm-none-eabi/lib/thumb/v7e-m+fp/softfp\libc.a(lib_a-sbrkr.o)
                0x10003c08                _sbrk_r
 *fill*         0x10003c2c       0x14 
 .text          0x10003c40       0xdc c:/maximsdk/tools/gnutools/10.3/bin/../lib/gcc/arm-none-eabi/10.3.1/../../../../arm-none-eabi/lib/thumb/v7e-m+fp/softfp\libc.a(lib_a-strlen.o)
                0x10003c40                strlen
 *fill*         0x10003d1c        0x4 
 .text._vfprintf_r
                0x10003d20     0x1b8c c:/maximsdk/tools/gnutools/10.3/bin/../lib/gcc/arm-none-eabi/10.3.1/../../../../arm-none-eabi/lib/thumb/v7e-m+fp/softfp\libc.a(lib_a-vfprintf.o)
                0x10003d20                _vfprintf_r
 .text.__sbprintf
                0x100058ac       0x80 c:/maximsdk/tools/gnutools/10.3/bin/../lib/gcc/arm-none-eabi/10.3.1/../../../../arm-none-eabi/lib/thumb/v7e-m+fp/softfp\libc.a(lib_a-vfprintf.o)
 .text.__swsetup_r
                0x1000592c       0xd4 c:/maximsdk/tools/gnutools/10.3/bin/../lib/gcc/arm-none-eabi/10.3.1/../../../../arm-none-eabi/lib/thumb/v7e-m+fp/softfp\libc.a(lib_a-wsetup.o)
                0x1000592c                __swsetup_r
 .text.startup.register_fini
                0x10005a00       0x14 c:/maximsdk/tools/gnutools/10.3/bin/../lib/gcc/arm-none-eabi/10.3.1/../../../../arm-none-eabi/lib/thumb/v7e-m+fp/softfp\libc.a(lib_a-__call_atexit.o)
 .text.atexit   0x10005a14        0xc c:/maximsdk/tools/gnutools/10.3/bin/../lib/gcc/arm-none-eabi/10.3.1/../../../../arm-none-eabi/lib/thumb/v7e-m+fp/softfp\libc.a(lib_a-atexit.o)
                0x10005a14                atexit
 .text.quorem   0x10005a20      0x128 c:/maximsdk/tools/gnutools/10.3/bin/../lib/gcc/arm-none-eabi/10.3.1/../../../../arm-none-eabi/lib/thumb/v7e-m+fp/softfp\libc.a(lib_a-dtoa.o)
 .text._dtoa_r  0x10005b48      0xf34 c:/maximsdk/tools/gnutools/10.3/bin/../lib/gcc/arm-none-eabi/10.3.1/../../../../arm-none-eabi/lib/thumb/v7e-m+fp/softfp\libc.a(lib_a-dtoa.o)
                0x10005b48                _dtoa_r
 .text.__sflush_r
                0x10006a7c      0x130 c:/maximsdk/tools/gnutools/10.3/bin/../lib/gcc/arm-none-eabi/10.3.1/../../../../arm-none-eabi/lib/thumb/v7e-m+fp/softfp\libc.a(lib_a-fflush.o)
                0x10006a7c                __sflush_r
 .text._fflush_r
                0x10006bac       0x5c c:/maximsdk/tools/gnutools/10.3/bin/../lib/gcc/arm-none-eabi/10.3.1/../../../../arm-none-eabi/lib/thumb/v7e-m+fp/softfp\libc.a(lib_a-fflush.o)
                0x10006bac                _fflush_r
 .text._cleanup_r
                0x10006c08        0xc c:/maximsdk/tools/gnutools/10.3/bin/../lib/gcc/arm-none-eabi/10.3.1/../../../../arm-none-eabi/lib/thumb/v7e-m+fp/softfp\libc.a(lib_a-findfp.o)
                0x10006c08                _cleanup_r
 .text.__sinit  0x10006c14      0x10c c:/maximsdk/tools/gnutools/10.3/bin/../lib/gcc/arm-none-eabi/10.3.1/../../../../arm-none-eabi/lib/thumb/v7e-m+fp/softfp\libc.a(lib_a-findfp.o)
                0x10006c14                __sinit
 .text.__sfp_lock_acquire
                0x10006d20        0xc c:/maximsdk/tools/gnutools/10.3/bin/../lib/gcc/arm-none-eabi/10.3.1/../../../../arm-none-eabi/lib/thumb/v7e-m+fp/softfp\libc.a(lib_a-findfp.o)
                0x10006d20                __sfp_lock_acquire
 .text.__sfp_lock_release
                0x10006d2c        0xc c:/maximsdk/tools/gnutools/10.3/bin/../lib/gcc/arm-none-eabi/10.3.1/../../../../arm-none-eabi/lib/thumb/v7e-m+fp/softfp\libc.a(lib_a-findfp.o)
                0x10006d2c                __sfp_lock_release
 .text.__libc_fini_array
                0x10006d38       0x2c c:/maximsdk/tools/gnutools/10.3/bin/../lib/gcc/arm-none-eabi/10.3.1/../../../../arm-none-eabi/lib/thumb/v7e-m+fp/softfp\libc.a(lib_a-fini.o)
                0x10006d38                __libc_fini_array
 .text._malloc_trim_r
                0x10006d64       0xa0 c:/maximsdk/tools/gnutools/10.3/bin/../lib/gcc/arm-none-eabi/10.3.1/../../../../arm-none-eabi/lib/thumb/v7e-m+fp/softfp\libc.a(lib_a-freer.o)
                0x10006d64                _malloc_trim_r
 .text._free_r  0x10006e04      0x20c c:/maximsdk/tools/gnutools/10.3/bin/../lib/gcc/arm-none-eabi/10.3.1/../../../../arm-none-eabi/lib/thumb/v7e-m+fp/softfp\libc.a(lib_a-freer.o)
                0x10006e04                _free_r
 .text.__sfvwrite_r
                0x10007010      0x2f0 c:/maximsdk/tools/gnutools/10.3/bin/../lib/gcc/arm-none-eabi/10.3.1/../../../../arm-none-eabi/lib/thumb/v7e-m+fp/softfp\libc.a(lib_a-fvwrite.o)
                0x10007010                __sfvwrite_r
 .text._fwalk_reent
                0x10007300       0x48 c:/maximsdk/tools/gnutools/10.3/bin/../lib/gcc/arm-none-eabi/10.3.1/../../../../arm-none-eabi/lib/thumb/v7e-m+fp/softfp\libc.a(lib_a-fwalk.o)
                0x10007300                _fwalk_reent
 .text._localeconv_r
                0x10007348        0x8 c:/maximsdk/tools/gnutools/10.3/bin/../lib/gcc/arm-none-eabi/10.3.1/../../../../arm-none-eabi/lib/thumb/v7e-m+fp/softfp\libc.a(lib_a-localeconv.o)
                0x10007348                _localeconv_r
 .text.__retarget_lock_init_recursive
                0x10007350        0x4 c:/maximsdk/tools/gnutools/10.3/bin/../lib/gcc/arm-none-eabi/10.3.1/../../../../arm-none-eabi/lib/thumb/v7e-m+fp/softfp\libc.a(lib_a-lock.o)
                0x10007350                __retarget_lock_init_recursive
 .text.__retarget_lock_close_recursive
                0x10007354        0x4 c:/maximsdk/tools/gnutools/10.3/bin/../lib/gcc/arm-none-eabi/10.3.1/../../../../arm-none-eabi/lib/thumb/v7e-m+fp/softfp\libc.a(lib_a-lock.o)
                0x10007354                __retarget_lock_close_recursive
 .text.__retarget_lock_acquire_recursive
                0x10007358        0x4 c:/maximsdk/tools/gnutools/10.3/bin/../lib/gcc/arm-none-eabi/10.3.1/../../../../arm-none-eabi/lib/thumb/v7e-m+fp/softfp\libc.a(lib_a-lock.o)
                0x10007358                __retarget_lock_acquire_recursive
 .text.__retarget_lock_release_recursive
                0x1000735c        0x4 c:/maximsdk/tools/gnutools/10.3/bin/../lib/gcc/arm-none-eabi/10.3.1/../../../../arm-none-eabi/lib/thumb/v7e-m+fp/softfp\libc.a(lib_a-lock.o)
                0x1000735c                __retarget_lock_release_recursive
 .text.__smakebuf_r
                0x10007360       0xe0 c:/maximsdk/tools/gnutools/10.3/bin/../lib/gcc/arm-none-eabi/10.3.1/../../../../arm-none-eabi/lib/thumb/v7e-m+fp/softfp\libc.a(lib_a-makebuf.o)
                0x10007360                __smakebuf_r
 .text          0x10007440       0xa0 c:/maximsdk/tools/gnutools/10.3/bin/../lib/gcc/arm-none-eabi/10.3.1/../../../../arm-none-eabi/lib/thumb/v7e-m+fp/softfp\libc.a(lib_a-memchr.o)
                0x10007440                memchr
 .text.memmove  0x100074e0       0xf8 c:/maximsdk/tools/gnutools/10.3/bin/../lib/gcc/arm-none-eabi/10.3.1/../../../../arm-none-eabi/lib/thumb/v7e-m+fp/softfp\libc.a(lib_a-memmove.o)
                0x100074e0                memmove
 .text._Balloc  0x100075d8       0x4c c:/maximsdk/tools/gnutools/10.3/bin/../lib/gcc/arm-none-eabi/10.3.1/../../../../arm-none-eabi/lib/thumb/v7e-m+fp/softfp\libc.a(lib_a-mprec.o)
                0x100075d8                _Balloc
 .text._Bfree   0x10007624       0x14 c:/maximsdk/tools/gnutools/10.3/bin/../lib/gcc/arm-none-eabi/10.3.1/../../../../arm-none-eabi/lib/thumb/v7e-m+fp/softfp\libc.a(lib_a-mprec.o)
                0x10007624                _Bfree
 .text.__multadd
                0x10007638       0xa8 c:/maximsdk/tools/gnutools/10.3/bin/../lib/gcc/arm-none-eabi/10.3.1/../../../../arm-none-eabi/lib/thumb/v7e-m+fp/softfp\libc.a(lib_a-mprec.o)
                0x10007638                __multadd
 .text.__hi0bits
                0x100076e0       0x40 c:/maximsdk/tools/gnutools/10.3/bin/../lib/gcc/arm-none-eabi/10.3.1/../../../../arm-none-eabi/lib/thumb/v7e-m+fp/softfp\libc.a(lib_a-mprec.o)
                0x100076e0                __hi0bits
 .text.__lo0bits
                0x10007720       0x60 c:/maximsdk/tools/gnutools/10.3/bin/../lib/gcc/arm-none-eabi/10.3.1/../../../../arm-none-eabi/lib/thumb/v7e-m+fp/softfp\libc.a(lib_a-mprec.o)
                0x10007720                __lo0bits
 .text.__i2b    0x10007780       0x5c c:/maximsdk/tools/gnutools/10.3/bin/../lib/gcc/arm-none-eabi/10.3.1/../../../../arm-none-eabi/lib/thumb/v7e-m+fp/softfp\libc.a(lib_a-mprec.o)
                0x10007780                __i2b
 .text.__multiply
                0x100077dc      0x15c c:/maximsdk/tools/gnutools/10.3/bin/../lib/gcc/arm-none-eabi/10.3.1/../../../../arm-none-eabi/lib/thumb/v7e-m+fp/softfp\libc.a(lib_a-mprec.o)
                0x100077dc                __multiply
 .text.__pow5mult
                0x10007938       0xc0 c:/maximsdk/tools/gnutools/10.3/bin/../lib/gcc/arm-none-eabi/10.3.1/../../../../arm-none-eabi/lib/thumb/v7e-m+fp/softfp\libc.a(lib_a-mprec.o)
                0x10007938                __pow5mult
 .text.__lshift
                0x100079f8       0xf0 c:/maximsdk/tools/gnutools/10.3/bin/../lib/gcc/arm-none-eabi/10.3.1/../../../../arm-none-eabi/lib/thumb/v7e-m+fp/softfp\libc.a(lib_a-mprec.o)
                0x100079f8                __lshift
 .text.__mcmp   0x10007ae8       0x44 c:/maximsdk/tools/gnutools/10.3/bin/../lib/gcc/arm-none-eabi/10.3.1/../../../../arm-none-eabi/lib/thumb/v7e-m+fp/softfp\libc.a(lib_a-mprec.o)
                0x10007ae8                __mcmp
 .text.__mdiff  0x10007b2c      0x14c c:/maximsdk/tools/gnutools/10.3/bin/../lib/gcc/arm-none-eabi/10.3.1/../../../../arm-none-eabi/lib/thumb/v7e-m+fp/softfp\libc.a(lib_a-mprec.o)
                0x10007b2c                __mdiff
 .text.__d2b    0x10007c78       0xc4 c:/maximsdk/tools/gnutools/10.3/bin/../lib/gcc/arm-none-eabi/10.3.1/../../../../arm-none-eabi/lib/thumb/v7e-m+fp/softfp\libc.a(lib_a-mprec.o)
                0x10007c78                __d2b
 .text._realloc_r
                0x10007d3c      0x3d8 c:/maximsdk/tools/gnutools/10.3/bin/../lib/gcc/arm-none-eabi/10.3.1/../../../../arm-none-eabi/lib/thumb/v7e-m+fp/softfp\libc.a(lib_a-reallocr.o)
                0x10007d3c                _realloc_r
 .text.frexp    0x10008114       0x70 c:/maximsdk/tools/gnutools/10.3/bin/../lib/gcc/arm-none-eabi/10.3.1/../../../../arm-none-eabi/lib/thumb/v7e-m+fp/softfp\libc.a(lib_a-s_frexp.o)
                0x10008114                frexp
 .text.__sread  0x10008184       0x24 c:/maximsdk/tools/gnutools/10.3/bin/../lib/gcc/arm-none-eabi/10.3.1/../../../../arm-none-eabi/lib/thumb/v7e-m+fp/softfp\libc.a(lib_a-stdio.o)
                0x10008184                __sread
 .text.__swrite
                0x100081a8       0x40 c:/maximsdk/tools/gnutools/10.3/bin/../lib/gcc/arm-none-eabi/10.3.1/../../../../arm-none-eabi/lib/thumb/v7e-m+fp/softfp\libc.a(lib_a-stdio.o)
                0x100081a8                __swrite
 .text.__sseek  0x100081e8       0x20 c:/maximsdk/tools/gnutools/10.3/bin/../lib/gcc/arm-none-eabi/10.3.1/../../../../arm-none-eabi/lib/thumb/v7e-m+fp/softfp\libc.a(lib_a-stdio.o)
                0x100081e8                __sseek
 .text.__sclose
                0x10008208        0x8 c:/maximsdk/tools/gnutools/10.3/bin/../lib/gcc/arm-none-eabi/10.3.1/../../../../arm-none-eabi/lib/thumb/v7e-m+fp/softfp\libc.a(lib_a-stdio.o)
                0x10008208                __sclose
 .text.strncpy  0x10008210       0x64 c:/maximsdk/tools/gnutools/10.3/bin/../lib/gcc/arm-none-eabi/10.3.1/../../../../arm-none-eabi/lib/thumb/v7e-m+fp/softfp\libc.a(lib_a-strncpy.o)
                0x10008210                strncpy
 .text.__sprint_r.part.0
                0x10008274       0x78 c:/maximsdk/tools/gnutools/10.3/bin/../lib/gcc/arm-none-eabi/10.3.1/../../../../arm-none-eabi/lib/thumb/v7e-m+fp/softfp\libc.a(lib_a-vfiprintf.o)
 .text.__sprint_r
                0x100082ec       0x18 c:/maximsdk/tools/gnutools/10.3/bin/../lib/gcc/arm-none-eabi/10.3.1/../../../../arm-none-eabi/lib/thumb/v7e-m+fp/softfp\libc.a(lib_a-vfiprintf.o)
                0x100082ec                __sprint_r
 .text._vfiprintf_r
                0x10008304      0xdfc c:/maximsdk/tools/gnutools/10.3/bin/../lib/gcc/arm-none-eabi/10.3.1/../../../../arm-none-eabi/lib/thumb/v7e-m+fp/softfp\libc.a(lib_a-vfiprintf.o)
                0x10008304                _vfiprintf_r
 .text.__sbprintf
                0x10009100       0x80 c:/maximsdk/tools/gnutools/10.3/bin/../lib/gcc/arm-none-eabi/10.3.1/../../../../arm-none-eabi/lib/thumb/v7e-m+fp/softfp\libc.a(lib_a-vfiprintf.o)
 .text._write_r
                0x10009180       0x2c c:/maximsdk/tools/gnutools/10.3/bin/../lib/gcc/arm-none-eabi/10.3.1/../../../../arm-none-eabi/lib/thumb/v7e-m+fp/softfp\libc.a(lib_a-writer.o)
                0x10009180                _write_r
 .text.__register_exitproc
                0x100091ac       0x8c c:/maximsdk/tools/gnutools/10.3/bin/../lib/gcc/arm-none-eabi/10.3.1/../../../../arm-none-eabi/lib/thumb/v7e-m+fp/softfp\libc.a(lib_a-__atexit.o)
                0x100091ac                __register_exitproc
 .text.__assert_func
                0x10009238       0x40 c:/maximsdk/tools/gnutools/10.3/bin/../lib/gcc/arm-none-eabi/10.3.1/../../../../arm-none-eabi/lib/thumb/v7e-m+fp/softfp\libc.a(lib_a-assert.o)
                0x10009238                __assert_func
 .text._close_r
                0x10009278       0x24 c:/maximsdk/tools/gnutools/10.3/bin/../lib/gcc/arm-none-eabi/10.3.1/../../../../arm-none-eabi/lib/thumb/v7e-m+fp/softfp\libc.a(lib_a-closer.o)
                0x10009278                _close_r
 .text._fclose_r
                0x1000929c       0xcc c:/maximsdk/tools/gnutools/10.3/bin/../lib/gcc/arm-none-eabi/10.3.1/../../../../arm-none-eabi/lib/thumb/v7e-m+fp/softfp\libc.a(lib_a-fclose.o)
                0x1000929c                _fclose_r
 .text.fiprintf
                0x10009368       0x28 c:/maximsdk/tools/gnutools/10.3/bin/../lib/gcc/arm-none-eabi/10.3.1/../../../../arm-none-eabi/lib/thumb/v7e-m+fp/softfp\libc.a(lib_a-fiprintf.o)
                0x10009368                fiprintf
 .text.__fputwc
                0x10009390       0xa8 c:/maximsdk/tools/gnutools/10.3/bin/../lib/gcc/arm-none-eabi/10.3.1/../../../../arm-none-eabi/lib/thumb/v7e-m+fp/softfp\libc.a(lib_a-fputwc.o)
                0x10009390                __fputwc
 .text._fputwc_r
                0x10009438       0x68 c:/maximsdk/tools/gnutools/10.3/bin/../lib/gcc/arm-none-eabi/10.3.1/../../../../arm-none-eabi/lib/thumb/v7e-m+fp/softfp\libc.a(lib_a-fputwc.o)
                0x10009438                _fputwc_r
 .text._fstat_r
                0x100094a0       0x2c c:/maximsdk/tools/gnutools/10.3/bin/../lib/gcc/arm-none-eabi/10.3.1/../../../../arm-none-eabi/lib/thumb/v7e-m+fp/softfp\libc.a(lib_a-fstatr.o)
                0x100094a0                _fstat_r
 .text._isatty_r
                0x100094cc       0x24 c:/maximsdk/tools/gnutools/10.3/bin/../lib/gcc/arm-none-eabi/10.3.1/../../../../arm-none-eabi/lib/thumb/v7e-m+fp/softfp\libc.a(lib_a-isattyr.o)
                0x100094cc                _isatty_r
 .text.__locale_mb_cur_max
                0x100094f0        0xc c:/maximsdk/tools/gnutools/10.3/bin/../lib/gcc/arm-none-eabi/10.3.1/../../../../arm-none-eabi/lib/thumb/v7e-m+fp/softfp\libc.a(lib_a-locale.o)
                0x100094f0                __locale_mb_cur_max
 .text._lseek_r
                0x100094fc       0x2c c:/maximsdk/tools/gnutools/10.3/bin/../lib/gcc/arm-none-eabi/10.3.1/../../../../arm-none-eabi/lib/thumb/v7e-m+fp/softfp\libc.a(lib_a-lseekr.o)
                0x100094fc                _lseek_r
 .text.__ascii_mbtowc
                0x10009528       0x2c c:/maximsdk/tools/gnutools/10.3/bin/../lib/gcc/arm-none-eabi/10.3.1/../../../../arm-none-eabi/lib/thumb/v7e-m+fp/softfp\libc.a(lib_a-mbtowc_r.o)
                0x10009528                __ascii_mbtowc
 .text._read_r  0x10009554       0x2c c:/maximsdk/tools/gnutools/10.3/bin/../lib/gcc/arm-none-eabi/10.3.1/../../../../arm-none-eabi/lib/thumb/v7e-m+fp/softfp\libc.a(lib_a-readr.o)
                0x10009554                _read_r
 .text.__swbuf_r
                0x10009580       0xb0 c:/maximsdk/tools/gnutools/10.3/bin/../lib/gcc/arm-none-eabi/10.3.1/../../../../arm-none-eabi/lib/thumb/v7e-m+fp/softfp\libc.a(lib_a-wbuf.o)
                0x10009580                __swbuf_r
 .text._wcrtomb_r
                0x10009630       0x3c c:/maximsdk/tools/gnutools/10.3/bin/../lib/gcc/arm-none-eabi/10.3.1/../../../../arm-none-eabi/lib/thumb/v7e-m+fp/softfp\libc.a(lib_a-wcrtomb.o)
                0x10009630                _wcrtomb_r
 .text.__ascii_wctomb
                0x1000966c       0x1c c:/maximsdk/tools/gnutools/10.3/bin/../lib/gcc/arm-none-eabi/10.3.1/../../../../arm-none-eabi/lib/thumb/v7e-m+fp/softfp\libc.a(lib_a-wctomb_r.o)
                0x1000966c                __ascii_wctomb
 .text.abort    0x10009688       0x10 c:/maximsdk/tools/gnutools/10.3/bin/../lib/gcc/arm-none-eabi/10.3.1/../../../../arm-none-eabi/lib/thumb/v7e-m+fp/softfp\libc.a(lib_a-abort.o)
                0x10009688                abort
 .text.raise    0x10009698       0x5c c:/maximsdk/tools/gnutools/10.3/bin/../lib/gcc/arm-none-eabi/10.3.1/../../../../arm-none-eabi/lib/thumb/v7e-m+fp/softfp\libc.a(lib_a-signal.o)
                0x10009698                raise
 .text._kill_r  0x100096f4       0x2c c:/maximsdk/tools/gnutools/10.3/bin/../lib/gcc/arm-none-eabi/10.3.1/../../../../arm-none-eabi/lib/thumb/v7e-m+fp/softfp\libc.a(lib_a-signalr.o)
                0x100096f4                _kill_r
 .text._getpid_r
                0x10009720        0x4 c:/maximsdk/tools/gnutools/10.3/bin/../lib/gcc/arm-none-eabi/10.3.1/../../../../arm-none-eabi/lib/thumb/v7e-m+fp/softfp\libc.a(lib_a-signalr.o)
                0x10009720                _getpid_r
 .text.pow      0x10009724       0xdc c:/maximsdk/tools/gnutools/10.3/bin/../lib/gcc/arm-none-eabi/10.3.1/../../../../arm-none-eabi/lib/thumb/v7e-m+fp/softfp\libm.a(lib_a-w_pow.o)
                0x10009724                pow
 .text.sqrt     0x10009800       0x50 c:/maximsdk/tools/gnutools/10.3/bin/../lib/gcc/arm-none-eabi/10.3.1/../../../../arm-none-eabi/lib/thumb/v7e-m+fp/softfp\libm.a(lib_a-w_sqrt.o)
                0x10009800                sqrt
 .text.__ieee754_pow
                0x10009850      0xb0c c:/maximsdk/tools/gnutools/10.3/bin/../lib/gcc/arm-none-eabi/10.3.1/../../../../arm-none-eabi/lib/thumb/v7e-m+fp/softfp\libm.a(lib_a-e_pow.o)
                0x10009850                __ieee754_pow
 .text.__ieee754_sqrt
                0x1000a35c      0x16c c:/maximsdk/tools/gnutools/10.3/bin/../lib/gcc/arm-none-eabi/10.3.1/../../../../arm-none-eabi/lib/thumb/v7e-m+fp/softfp\libm.a(lib_a-e_sqrt.o)
                0x1000a35c                __ieee754_sqrt
 .text.with_errno
                0x1000a4c8       0x18 c:/maximsdk/tools/gnutools/10.3/bin/../lib/gcc/arm-none-eabi/10.3.1/../../../../arm-none-eabi/lib/thumb/v7e-m+fp/softfp\libm.a(lib_a-math_err.o)
 .text.xflow    0x1000a4e0       0x2c c:/maximsdk/tools/gnutools/10.3/bin/../lib/gcc/arm-none-eabi/10.3.1/../../../../arm-none-eabi/lib/thumb/v7e-m+fp/softfp\libm.a(lib_a-math_err.o)
 .text.__math_uflow
                0x1000a50c        0xc c:/maximsdk/tools/gnutools/10.3/bin/../lib/gcc/arm-none-eabi/10.3.1/../../../../arm-none-eabi/lib/thumb/v7e-m+fp/softfp\libm.a(lib_a-math_err.o)
                0x1000a50c                __math_uflow
 .text.__math_oflow
                0x1000a518        0xc c:/maximsdk/tools/gnutools/10.3/bin/../lib/gcc/arm-none-eabi/10.3.1/../../../../arm-none-eabi/lib/thumb/v7e-m+fp/softfp\libm.a(lib_a-math_err.o)
                0x1000a518                __math_oflow
 .text.fabs     0x1000a524        0x8 c:/maximsdk/tools/gnutools/10.3/bin/../lib/gcc/arm-none-eabi/10.3.1/../../../../arm-none-eabi/lib/thumb/v7e-m+fp/softfp\libm.a(lib_a-s_fabs.o)
                0x1000a524                fabs
 .text.finite   0x1000a52c        0xc c:/maximsdk/tools/gnutools/10.3/bin/../lib/gcc/arm-none-eabi/10.3.1/../../../../arm-none-eabi/lib/thumb/v7e-m+fp/softfp\libm.a(lib_a-s_finite.o)
                0x1000a52c                finite
 .text.scalbn   0x1000a538      0x104 c:/maximsdk/tools/gnutools/10.3/bin/../lib/gcc/arm-none-eabi/10.3.1/../../../../arm-none-eabi/lib/thumb/v7e-m+fp/softfp\libm.a(lib_a-s_scalbn.o)
                0x1000a538                scalbn
 .text._getpid  0x1000a63c       0x10 c:/maximsdk/tools/gnutools/10.3/bin/../lib/gcc/arm-none-eabi/10.3.1/../../../../arm-none-eabi/lib/thumb/v7e-m+fp/softfp\libnosys.a(getpid.o)
                0x1000a63c                _getpid
 .text._kill    0x1000a64c       0x10 c:/maximsdk/tools/gnutools/10.3/bin/../lib/gcc/arm-none-eabi/10.3.1/../../../../arm-none-eabi/lib/thumb/v7e-m+fp/softfp\libnosys.a(kill.o)
                0x1000a64c                _kill
 .text._exit    0x1000a65c        0x4 c:/maximsdk/tools/gnutools/10.3/bin/../lib/gcc/arm-none-eabi/10.3.1/../../../../arm-none-eabi/lib/thumb/v7e-m+fp/softfp\libnosys.a(_exit.o)
                0x1000a65c                _exit
 .text          0x1000a660      0x378 c:/maximsdk/tools/gnutools/10.3/bin/../lib/gcc/arm-none-eabi/10.3.1/thumb/v7e-m+fp/softfp\libgcc.a(_arm_addsubdf3.o)
                0x1000a660                __aeabi_drsub
                0x1000a668                __aeabi_dsub
                0x1000a668                __subdf3
                0x1000a66c                __aeabi_dadd
                0x1000a66c                __adddf3
                0x1000a8e4                __floatunsidf
                0x1000a8e4                __aeabi_ui2d
                0x1000a904                __floatsidf
                0x1000a904                __aeabi_i2d
                0x1000a928                __aeabi_f2d
                0x1000a928                __extendsfdf2
                0x1000a96c                __floatundidf
                0x1000a96c                __aeabi_ul2d
                0x1000a97c                __floatdidf
                0x1000a97c                __aeabi_l2d
 .text          0x1000a9d8      0x424 c:/maximsdk/tools/gnutools/10.3/bin/../lib/gcc/arm-none-eabi/10.3.1/thumb/v7e-m+fp/softfp\libgcc.a(_arm_muldivdf3.o)
                0x1000a9d8                __aeabi_dmul
                0x1000a9d8                __muldf3
                0x1000ac2c                __divdf3
                0x1000ac2c                __aeabi_ddiv
 .text          0x1000adfc      0x110 c:/maximsdk/tools/gnutools/10.3/bin/../lib/gcc/arm-none-eabi/10.3.1/thumb/v7e-m+fp/softfp\libgcc.a(_arm_cmpdf2.o)
                0x1000adfc                __gtdf2
                0x1000adfc                __gedf2
                0x1000ae04                __ltdf2
                0x1000ae04                __ledf2
                0x1000ae0c                __nedf2
                0x1000ae0c                __eqdf2
                0x1000ae0c                __cmpdf2
                0x1000ae88                __aeabi_cdrcmple
                0x1000ae98                __aeabi_cdcmpeq
                0x1000ae98                __aeabi_cdcmple
                0x1000aea8                __aeabi_dcmpeq
                0x1000aebc                __aeabi_dcmplt
                0x1000aed0                __aeabi_dcmple
                0x1000aee4                __aeabi_dcmpge
                0x1000aef8                __aeabi_dcmpgt
 .text          0x1000af0c       0x2c c:/maximsdk/tools/gnutools/10.3/bin/../lib/gcc/arm-none-eabi/10.3.1/thumb/v7e-m+fp/softfp\libgcc.a(_arm_unorddf2.o)
                0x1000af0c                __unorddf2
                0x1000af0c                __aeabi_dcmpun
 .text          0x1000af38       0x50 c:/maximsdk/tools/gnutools/10.3/bin/../lib/gcc/arm-none-eabi/10.3.1/thumb/v7e-m+fp/softfp\libgcc.a(_arm_fixdfsi.o)
                0x1000af38                __aeabi_d2iz
                0x1000af38                __fixdfsi
 .text          0x1000af88       0x40 c:/maximsdk/tools/gnutools/10.3/bin/../lib/gcc/arm-none-eabi/10.3.1/thumb/v7e-m+fp/softfp\libgcc.a(_arm_fixunsdfsi.o)
                0x1000af88                __aeabi_d2uiz
                0x1000af88                __fixunsdfsi
 .text          0x1000afc8       0x30 c:/maximsdk/tools/gnutools/10.3/bin/../lib/gcc/arm-none-eabi/10.3.1/thumb/v7e-m+fp/softfp\libgcc.a(_aeabi_uldivmod.o)
                0x1000afc8                __aeabi_uldivmod
 .text          0x1000aff8      0x2d0 c:/maximsdk/tools/gnutools/10.3/bin/../lib/gcc/arm-none-eabi/10.3.1/thumb/v7e-m+fp/softfp\libgcc.a(_udivmoddi4.o)
                0x1000aff8                __udivmoddi4
 .text          0x1000b2c8        0x4 c:/maximsdk/tools/gnutools/10.3/bin/../lib/gcc/arm-none-eabi/10.3.1/thumb/v7e-m+fp/softfp\libgcc.a(_dvmd_tls.o)
                0x1000b2c8                __aeabi_idiv0
                0x1000b2c8                __aeabi_ldiv0
 *(.rodata*)
 .rodata.calcBioZ.str1.4
                0x1000b2cc       0x29 c:/MaximSDK/Examples/MAX32655/Max32655CodeForMax30009/build/bioZ.o
 *fill*         0x1000b2f5        0x3 
 .rodata.main.str1.4
                0x1000b2f8       0x25 c:/MaximSDK/Examples/MAX32655/Max32655CodeForMax30009/build/main.o
 *fill*         0x1000b31d        0x3 
 .rodata.initSPI.str1.4
                0x1000b320       0x62 c:/MaximSDK/Examples/MAX32655/Max32655CodeForMax30009/build/spiFunctions.o
 *fill*         0x1000b382        0x2 
 .rodata.doSPI.str1.4
                0x1000b384       0x1b c:/MaximSDK/Examples/MAX32655/Max32655CodeForMax30009/build/spiFunctions.o
 *fill*         0x1000b39f        0x1 
 .rodata.regWrite.str1.4
                0x1000b3a0        0xb c:/MaximSDK/Examples/MAX32655/Max32655CodeForMax30009/build/spiFunctions.o
 *fill*         0x1000b3ab        0x1 
 .rodata.shutdownSPI.str1.4
                0x1000b3ac       0x2a c:/MaximSDK/Examples/MAX32655/Max32655CodeForMax30009/build/spiFunctions.o
 *fill*         0x1000b3d6        0x2 
 .rodata.mxc_assert.str1.4
                0x1000b3d8       0x19 c:/MaximSDK/Examples/MAX32655/Max32655CodeForMax30009/build/board.o
 *fill*         0x1000b3f1        0x3 
 .rodata.Board_Init.str1.4
                0x1000b3f4       0x49 c:/MaximSDK/Examples/MAX32655/Max32655CodeForMax30009/build/board.o
 *fill*         0x1000b43d        0x3 
 .rodata        0x1000b440       0x10 c:/MaximSDK/Examples/MAX32655/Max32655CodeForMax30009/build/board.o
 .rodata.led_pin
                0x1000b450       0x24 c:/MaximSDK/Examples/MAX32655/Max32655CodeForMax30009/build/board.o
                0x1000b450                led_pin
 .rodata.num_leds
                0x1000b474        0x4 c:/MaximSDK/Examples/MAX32655/Max32655CodeForMax30009/build/board.o
                0x1000b474                num_leds
 .rodata.num_pbs
                0x1000b478        0x4 c:/MaximSDK/Examples/MAX32655/Max32655CodeForMax30009/build/board.o
                0x1000b478                num_pbs
 .rodata.pb_pin
                0x1000b47c       0x18 c:/MaximSDK/Examples/MAX32655/Max32655CodeForMax30009/build/board.o
                0x1000b47c                pb_pin
 .rodata.MXC_SPI_Init.str1.4
                0x1000b494       0x51 C:/MaximSDK/Libraries/PeriphDrivers/bin/MAX32655/softfp/libPeriphDriver_softfp.a(spi_me17.o)
 *fill*         0x1000b4e5        0x3 
 .rodata.MXC_SPI_RevA_DMACallback.str1.4
                0x1000b4e8       0x50 C:/MaximSDK/Libraries/PeriphDrivers/bin/MAX32655/softfp/libPeriphDriver_softfp.a(spi_reva.o)
 .rodata.MXC_SPI_RevA_TransSetup.str1.4
                0x1000b538       0x22 C:/MaximSDK/Libraries/PeriphDrivers/bin/MAX32655/softfp/libPeriphDriver_softfp.a(spi_reva.o)
                                 0x32 (size before relaxing)
 *fill*         0x1000b55a        0x2 
 .rodata.MXC_SPI_RevA_ReadyForSleep.str1.4
                0x1000b55c       0x2c C:/MaximSDK/Libraries/PeriphDrivers/bin/MAX32655/softfp/libPeriphDriver_softfp.a(spi_reva.o)
 .rodata.gpio_cfg_uart0
                0x1000b588        0xc C:/MaximSDK/Libraries/PeriphDrivers/bin/MAX32655/softfp/libPeriphDriver_softfp.a(pins_me17.o)
                0x1000b588                gpio_cfg_uart0
 .rodata.gpio_cfg_uart1
                0x1000b594        0xc C:/MaximSDK/Libraries/PeriphDrivers/bin/MAX32655/softfp/libPeriphDriver_softfp.a(pins_me17.o)
                0x1000b594                gpio_cfg_uart1
 .rodata.gpio_cfg_uart2
                0x1000b5a0        0xc C:/MaximSDK/Libraries/PeriphDrivers/bin/MAX32655/softfp/libPeriphDriver_softfp.a(pins_me17.o)
                0x1000b5a0                gpio_cfg_uart2
 .rodata.gpio_cfg_uart3
                0x1000b5ac        0xc C:/MaximSDK/Libraries/PeriphDrivers/bin/MAX32655/softfp/libPeriphDriver_softfp.a(pins_me17.o)
                0x1000b5ac                gpio_cfg_uart3
 .rodata.MXC_GPIO_Common_Handler.str1.4
                0x1000b5b8       0x66 C:/MaximSDK/Libraries/PeriphDrivers/bin/MAX32655/softfp/libPeriphDriver_softfp.a(gpio_common.o)
 *fill*         0x1000b61e        0x2 
 .rodata._global_impure_ptr
                0x1000b620        0x4 c:/maximsdk/tools/gnutools/10.3/bin/../lib/gcc/arm-none-eabi/10.3.1/../../../../arm-none-eabi/lib/thumb/v7e-m+fp/softfp\libc.a(lib_a-impure.o)
                0x1000b620                _global_impure_ptr
 .rodata._puts_r.str1.4
                0x1000b624       0x66 c:/maximsdk/tools/gnutools/10.3/bin/../lib/gcc/arm-none-eabi/10.3.1/../../../../arm-none-eabi/lib/thumb/v7e-m+fp/softfp\libc.a(lib_a-puts.o)
                                  0x2 (size before relaxing)
 .rodata._vfprintf_r.str1.4
                0x1000b624       0x42 c:/maximsdk/tools/gnutools/10.3/bin/../lib/gcc/arm-none-eabi/10.3.1/../../../../arm-none-eabi/lib/thumb/v7e-m+fp/softfp\libc.a(lib_a-vfprintf.o)
 *fill*         0x1000b666        0x2 
 .rodata.blanks.1
                0x1000b668       0x10 c:/maximsdk/tools/gnutools/10.3/bin/../lib/gcc/arm-none-eabi/10.3.1/../../../../arm-none-eabi/lib/thumb/v7e-m+fp/softfp\libc.a(lib_a-vfprintf.o)
 .rodata.zeroes.0
                0x1000b678       0x10 c:/maximsdk/tools/gnutools/10.3/bin/../lib/gcc/arm-none-eabi/10.3.1/../../../../arm-none-eabi/lib/thumb/v7e-m+fp/softfp\libc.a(lib_a-vfprintf.o)
 .rodata._dtoa_r.str1.4
                0x1000b688       0xa2 c:/maximsdk/tools/gnutools/10.3/bin/../lib/gcc/arm-none-eabi/10.3.1/../../../../arm-none-eabi/lib/thumb/v7e-m+fp/softfp\libc.a(lib_a-dtoa.o)
                                 0xa6 (size before relaxing)
 *fill*         0x1000b72a        0x2 
 .rodata.__multadd.str1.4
                0x1000b72c       0x7f c:/maximsdk/tools/gnutools/10.3/bin/../lib/gcc/arm-none-eabi/10.3.1/../../../../arm-none-eabi/lib/thumb/v7e-m+fp/softfp\libc.a(lib_a-mprec.o)
                                 0x93 (size before relaxing)
 *fill*         0x1000b7ab        0x5 
 .rodata.__mprec_bigtens
                0x1000b7b0       0x28 c:/maximsdk/tools/gnutools/10.3/bin/../lib/gcc/arm-none-eabi/10.3.1/../../../../arm-none-eabi/lib/thumb/v7e-m+fp/softfp\libc.a(lib_a-mprec.o)
                0x1000b7b0                __mprec_bigtens
 .rodata.__mprec_tens
                0x1000b7d8       0xc8 c:/maximsdk/tools/gnutools/10.3/bin/../lib/gcc/arm-none-eabi/10.3.1/../../../../arm-none-eabi/lib/thumb/v7e-m+fp/softfp\libc.a(lib_a-mprec.o)
                0x1000b7d8                __mprec_tens
 .rodata.p05.0  0x1000b8a0        0xc c:/maximsdk/tools/gnutools/10.3/bin/../lib/gcc/arm-none-eabi/10.3.1/../../../../arm-none-eabi/lib/thumb/v7e-m+fp/softfp\libc.a(lib_a-mprec.o)
 .rodata._vfiprintf_r.str1.4
                0x1000b8ac       0x2f c:/maximsdk/tools/gnutools/10.3/bin/../lib/gcc/arm-none-eabi/10.3.1/../../../../arm-none-eabi/lib/thumb/v7e-m+fp/softfp\libc.a(lib_a-vfiprintf.o)
 .rodata.blanks.1
                0x1000b8ac       0x10 c:/maximsdk/tools/gnutools/10.3/bin/../lib/gcc/arm-none-eabi/10.3.1/../../../../arm-none-eabi/lib/thumb/v7e-m+fp/softfp\libc.a(lib_a-vfiprintf.o)
 .rodata.zeroes.0
                0x1000b8bc       0x10 c:/maximsdk/tools/gnutools/10.3/bin/../lib/gcc/arm-none-eabi/10.3.1/../../../../arm-none-eabi/lib/thumb/v7e-m+fp/softfp\libc.a(lib_a-vfiprintf.o)
 .rodata.__assert_func.str1.4
                0x1000b8cc       0x3f c:/maximsdk/tools/gnutools/10.3/bin/../lib/gcc/arm-none-eabi/10.3.1/../../../../arm-none-eabi/lib/thumb/v7e-m+fp/softfp\libc.a(lib_a-assert.o)
                                 0x43 (size before relaxing)
 *fill*         0x1000b90b        0x1 
 .rodata._setlocale_r.str1.4
                0x1000b90c        0xa c:/maximsdk/tools/gnutools/10.3/bin/../lib/gcc/arm-none-eabi/10.3.1/../../../../arm-none-eabi/lib/thumb/v7e-m+fp/softfp\libc.a(lib_a-locale.o)
                                  0xd (size before relaxing)
 *fill*         0x1000b916        0x2 
 .rodata.str1.4
                0x1000b918        0x2 c:/maximsdk/tools/gnutools/10.3/bin/../lib/gcc/arm-none-eabi/10.3.1/../../../../arm-none-eabi/lib/thumb/v7e-m+fp/softfp\libc.a(lib_a-locale.o)
 *fill*         0x1000b91a        0x2 
 .rodata._ctype_
                0x1000b91c      0x101 c:/maximsdk/tools/gnutools/10.3/bin/../lib/gcc/arm-none-eabi/10.3.1/../../../../arm-none-eabi/lib/thumb/v7e-m+fp/softfp\libc.a(lib_a-ctype_.o)
                0x1000b91c                _ctype_
 *(.init)
 *fill*         0x1000ba1d        0x3 
 .init          0x1000ba20        0x4 c:/maximsdk/tools/gnutools/10.3/bin/../lib/gcc/arm-none-eabi/10.3.1/thumb/v7e-m+fp/softfp/crti.o
                0x1000ba20                _init
 .init          0x1000ba24        0x8 c:/maximsdk/tools/gnutools/10.3/bin/../lib/gcc/arm-none-eabi/10.3.1/thumb/v7e-m+fp/softfp/crtn.o
 *(.fini)
 .fini          0x1000ba2c        0x4 c:/maximsdk/tools/gnutools/10.3/bin/../lib/gcc/arm-none-eabi/10.3.1/thumb/v7e-m+fp/softfp/crti.o
                0x1000ba2c                _fini
 .fini          0x1000ba30        0x8 c:/maximsdk/tools/gnutools/10.3/bin/../lib/gcc/arm-none-eabi/10.3.1/thumb/v7e-m+fp/softfp/crtn.o
 *(.eh_frame*)
 .eh_frame      0x1000ba38        0x0 c:/maximsdk/tools/gnutools/10.3/bin/../lib/gcc/arm-none-eabi/10.3.1/thumb/v7e-m+fp/softfp/crtbegin.o
 .eh_frame      0x1000ba38        0x4 c:/maximsdk/tools/gnutools/10.3/bin/../lib/gcc/arm-none-eabi/10.3.1/thumb/v7e-m+fp/softfp/crtend.o
                0x1000ba3c                _etext = .

.glue_7         0x1000ba3c        0x0
 .glue_7        0x1000ba3c        0x0 linker stubs

.glue_7t        0x1000ba3c        0x0
 .glue_7t       0x1000ba3c        0x0 linker stubs

.vfp11_veneer   0x1000ba3c        0x0
 .vfp11_veneer  0x1000ba3c        0x0 linker stubs

.v4_bx          0x1000ba3c        0x0
 .v4_bx         0x1000ba3c        0x0 linker stubs

.iplt           0x1000ba3c        0x0
 .iplt          0x1000ba3c        0x0 c:/maximsdk/tools/gnutools/10.3/bin/../lib/gcc/arm-none-eabi/10.3.1/thumb/v7e-m+fp/softfp/crtbegin.o

.bin_storage    0x1000ba3c        0x0
 FILL mask 0xff
                0x1000ba3c                _bin_start_ = .
 *(.bin_storage_img)
                0x1000ba3c                _bin_end_ = .
                0x1000ba3c                . = ALIGN (0x4)

.rom_code       0x00000000        0x0
                0x00000000                . = ALIGN (0x10)
                0x20000000                _sran_code = .
 *(.rom_code_section)
                0x20000000                _esran_code = .

.flash_code     0x1000ba3c        0x4
                0x1000ba40                . = ALIGN (0x10)
 *fill*         0x1000ba3c        0x4 
                0x20000000                _sran_code = .
 *(.flash_code_section)
                0x20000000                _esran_code = .

.sram_code      0x20000000        0x0
                0x20000000                . = ALIGN (0x10)
                0x20000000                _sran_code = .
 *(.sram_code_section)
                0x20000000                _esran_code = .

.ARM.exidx      0x1000ba40        0x8
                0x1000ba40                __exidx_start = .
 *(.ARM.exidx*)
 .ARM.exidx     0x1000ba40        0x8 c:/maximsdk/tools/gnutools/10.3/bin/../lib/gcc/arm-none-eabi/10.3.1/thumb/v7e-m+fp/softfp\libgcc.a(_udivmoddi4.o)
                0x1000ba48                __exidx_end = .

.rel.dyn        0x1000ba48        0x0
 .rel.iplt      0x1000ba48        0x0 c:/maximsdk/tools/gnutools/10.3/bin/../lib/gcc/arm-none-eabi/10.3.1/thumb/v7e-m+fp/softfp/crtbegin.o

.data           0x20000000      0x9c4 load address 0x1000ba48
                0x20000000                _data = ALIGN (., 0x4)
 *(.data*)
 .data.ConsoleUart
                0x20000000        0x4 c:/MaximSDK/Examples/MAX32655/Max32655CodeForMax30009/build/board.o
                0x20000000                ConsoleUart
 .data.SystemCoreClock
                0x20000004        0x4 c:/MaximSDK/Examples/MAX32655/Max32655CodeForMax30009/build/system_max32655.o
                0x20000004                SystemCoreClock
 .data.overflows
                0x20000008        0x4 C:/MaximSDK/Libraries/PeriphDrivers/bin/MAX32655/softfp/libPeriphDriver_softfp.a(mxc_delay.o)
 .data._impure_ptr
                0x2000000c        0x4 c:/maximsdk/tools/gnutools/10.3/bin/../lib/gcc/arm-none-eabi/10.3.1/../../../../arm-none-eabi/lib/thumb/v7e-m+fp/softfp\libc.a(lib_a-impure.o)
                0x2000000c                _impure_ptr
 .data.impure_data
                0x20000010      0x428 c:/maximsdk/tools/gnutools/10.3/bin/../lib/gcc/arm-none-eabi/10.3.1/../../../../arm-none-eabi/lib/thumb/v7e-m+fp/softfp\libc.a(lib_a-impure.o)
 .data.__malloc_av_
                0x20000438      0x408 c:/maximsdk/tools/gnutools/10.3/bin/../lib/gcc/arm-none-eabi/10.3.1/../../../../arm-none-eabi/lib/thumb/v7e-m+fp/softfp\libc.a(lib_a-mallocr.o)
                0x20000438                __malloc_av_
 .data.__malloc_sbrk_base
                0x20000840        0x4 c:/maximsdk/tools/gnutools/10.3/bin/../lib/gcc/arm-none-eabi/10.3.1/../../../../arm-none-eabi/lib/thumb/v7e-m+fp/softfp\libc.a(lib_a-mallocr.o)
                0x20000840                __malloc_sbrk_base
 .data.__malloc_trim_threshold
                0x20000844        0x4 c:/maximsdk/tools/gnutools/10.3/bin/../lib/gcc/arm-none-eabi/10.3.1/../../../../arm-none-eabi/lib/thumb/v7e-m+fp/softfp\libc.a(lib_a-mallocr.o)
                0x20000844                __malloc_trim_threshold
 .data.__atexit_recursive_mutex
                0x20000848        0x4 c:/maximsdk/tools/gnutools/10.3/bin/../lib/gcc/arm-none-eabi/10.3.1/../../../../arm-none-eabi/lib/thumb/v7e-m+fp/softfp\libc.a(lib_a-__call_atexit.o)
                0x20000848                __atexit_recursive_mutex
 .data.__global_locale
                0x2000084c      0x16c c:/maximsdk/tools/gnutools/10.3/bin/../lib/gcc/arm-none-eabi/10.3.1/../../../../arm-none-eabi/lib/thumb/v7e-m+fp/softfp\libc.a(lib_a-locale.o)
                0x2000084c                __global_locale
 *(.flashprog*)
                0x200009b8                . = ALIGN (0x4)
                0x200009b8                PROVIDE (__preinit_array_start = .)
 *(.preinit_array)
                0x200009b8                PROVIDE (__preinit_array_end = .)
                0x200009b8                . = ALIGN (0x4)
                0x200009b8                PROVIDE (__init_array_start = .)
 *(SORT_BY_NAME(.init_array.*))
 .init_array.00000
                0x200009b8        0x4 c:/maximsdk/tools/gnutools/10.3/bin/../lib/gcc/arm-none-eabi/10.3.1/../../../../arm-none-eabi/lib/thumb/v7e-m+fp/softfp\libc.a(lib_a-__call_atexit.o)
 *(.init_array)
 .init_array    0x200009bc        0x4 c:/maximsdk/tools/gnutools/10.3/bin/../lib/gcc/arm-none-eabi/10.3.1/thumb/v7e-m+fp/softfp/crtbegin.o
                0x200009c0                PROVIDE (__init_array_end = .)
                0x200009c0                . = ALIGN (0x4)
                0x200009c0                PROVIDE (__fini_array_start = .)
 *(SORT_BY_NAME(.fini_array.*))
 *(.fini_array)
 .fini_array    0x200009c0        0x4 c:/maximsdk/tools/gnutools/10.3/bin/../lib/gcc/arm-none-eabi/10.3.1/thumb/v7e-m+fp/softfp/crtbegin.o
                0x200009c4                PROVIDE (__fini_array_end = .)
                0x200009c4                _edata = ALIGN (., 0x4)
                0x1000ba48                __load_data = LOADADDR (.data)

.igot.plt       0x200009c4        0x0 load address 0x1000c40c
 .igot.plt      0x200009c4        0x0 c:/maximsdk/tools/gnutools/10.3/bin/../lib/gcc/arm-none-eabi/10.3.1/thumb/v7e-m+fp/softfp/crtbegin.o

.bss            0x200009c4      0x64c load address 0x1000c40c
                0x200009c4                . = ALIGN (0x4)
                0x200009c4                _bss = .
 *(.bss*)
 .bss           0x200009c4       0x1c c:/maximsdk/tools/gnutools/10.3/bin/../lib/gcc/arm-none-eabi/10.3.1/thumb/v7e-m+fp/softfp/crtbegin.o
 .bss.adcIData  0x200009e0        0xa c:/MaximSDK/Examples/MAX32655/Max32655CodeForMax30009/build/bioZ.o
                0x200009e0                adcIData
 *fill*         0x200009ea        0x2 
 .bss.adcQData  0x200009ec        0xa c:/MaximSDK/Examples/MAX32655/Max32655CodeForMax30009/build/bioZ.o
                0x200009ec                adcQData
 *fill*         0x200009f6        0x2 
 .bss.errCnt    0x200009f8        0x4 c:/MaximSDK/Examples/MAX32655/Max32655CodeForMax30009/build/main.o
                0x200009f8                errCnt
 .bss.gHold     0x200009fc       0x64 c:/MaximSDK/Examples/MAX32655/Max32655CodeForMax30009/build/main.o
                0x200009fc                gHold
 .bss.gReadBuf  0x20000a60       0x64 c:/MaximSDK/Examples/MAX32655/Max32655CodeForMax30009/build/main.o
                0x20000a60                gReadBuf
 .bss.count     0x20000ac4        0x4 c:/MaximSDK/Examples/MAX32655/Max32655CodeForMax30009/build/spiFunctions.o
                0x20000ac4                count
 .bss.req       0x20000ac8       0x28 c:/MaximSDK/Examples/MAX32655/Max32655CodeForMax30009/build/spiFunctions.o
                0x20000ac8                req
 .bss.spi_pins  0x20000af0        0x9 c:/MaximSDK/Examples/MAX32655/Max32655CodeForMax30009/build/spiFunctions.o
                0x20000af0                spi_pins
 *fill*         0x20000af9        0x3 
 .bss.g_cfg     0x20000afc       0x10 c:/MaximSDK/Examples/MAX32655/Max32655CodeForMax30009/build/w25.o
 .bss.g_is_configured
                0x20000b0c        0x1 c:/MaximSDK/Examples/MAX32655/Max32655CodeForMax30009/build/w25.o
 *fill*         0x20000b0d        0x3 
 .bss.heap_end  0x20000b10        0x4 c:/MaximSDK/Examples/MAX32655/Max32655CodeForMax30009/build/heap.o
 .bss.cbFunc    0x20000b14        0x4 C:/MaximSDK/Libraries/PeriphDrivers/bin/MAX32655/softfp/libPeriphDriver_softfp.a(mxc_delay.o)
 .bss.ctrl_save
                0x20000b18        0x4 C:/MaximSDK/Libraries/PeriphDrivers/bin/MAX32655/softfp/libPeriphDriver_softfp.a(mxc_delay.o)
 .bss.endtick   0x20000b1c        0x4 C:/MaximSDK/Libraries/PeriphDrivers/bin/MAX32655/softfp/libPeriphDriver_softfp.a(mxc_delay.o)
 .bss.states    0x20000b20       0x50 C:/MaximSDK/Libraries/PeriphDrivers/bin/MAX32655/softfp/libPeriphDriver_softfp.a(spi_reva.o)
 .bss.dma_lock  0x20000b70        0x4 C:/MaximSDK/Libraries/PeriphDrivers/bin/MAX32655/softfp/libPeriphDriver_softfp.a(dma_reva.o)
 .bss.dma_resource
                0x20000b74       0x50 C:/MaximSDK/Libraries/PeriphDrivers/bin/MAX32655/softfp/libPeriphDriver_softfp.a(dma_reva.o)
 .bss.callback  0x20000bc4      0x200 C:/MaximSDK/Libraries/PeriphDrivers/bin/MAX32655/softfp/libPeriphDriver_softfp.a(gpio_common.o)
 .bss.cbparam   0x20000dc4      0x200 C:/MaximSDK/Libraries/PeriphDrivers/bin/MAX32655/softfp/libPeriphDriver_softfp.a(gpio_common.o)
 .bss.initialized
                0x20000fc4        0x1 C:/MaximSDK/Libraries/PeriphDrivers/bin/MAX32655/softfp/libPeriphDriver_softfp.a(gpio_common.o)
 *fill*         0x20000fc5        0x3 
 .bss.__malloc_current_mallinfo
                0x20000fc8       0x28 c:/maximsdk/tools/gnutools/10.3/bin/../lib/gcc/arm-none-eabi/10.3.1/../../../../arm-none-eabi/lib/thumb/v7e-m+fp/softfp\libc.a(lib_a-mallocr.o)
                0x20000fc8                __malloc_current_mallinfo
 .bss.__malloc_max_sbrked_mem
                0x20000ff0        0x4 c:/maximsdk/tools/gnutools/10.3/bin/../lib/gcc/arm-none-eabi/10.3.1/../../../../arm-none-eabi/lib/thumb/v7e-m+fp/softfp\libc.a(lib_a-mallocr.o)
                0x20000ff0                __malloc_max_sbrked_mem
 .bss.__malloc_max_total_mem
                0x20000ff4        0x4 c:/maximsdk/tools/gnutools/10.3/bin/../lib/gcc/arm-none-eabi/10.3.1/../../../../arm-none-eabi/lib/thumb/v7e-m+fp/softfp\libc.a(lib_a-mallocr.o)
                0x20000ff4                __malloc_max_total_mem
 .bss.__malloc_top_pad
                0x20000ff8        0x4 c:/maximsdk/tools/gnutools/10.3/bin/../lib/gcc/arm-none-eabi/10.3.1/../../../../arm-none-eabi/lib/thumb/v7e-m+fp/softfp\libc.a(lib_a-mallocr.o)
                0x20000ff8                __malloc_top_pad
 .bss.__lock___atexit_recursive_mutex
                0x20000ffc        0x1 c:/maximsdk/tools/gnutools/10.3/bin/../lib/gcc/arm-none-eabi/10.3.1/../../../../arm-none-eabi/lib/thumb/v7e-m+fp/softfp\libc.a(lib_a-lock.o)
                0x20000ffc                __lock___atexit_recursive_mutex
 *fill*         0x20000ffd        0x3 
 .bss.__lock___malloc_recursive_mutex
                0x20001000        0x1 c:/maximsdk/tools/gnutools/10.3/bin/../lib/gcc/arm-none-eabi/10.3.1/../../../../arm-none-eabi/lib/thumb/v7e-m+fp/softfp\libc.a(lib_a-lock.o)
                0x20001000                __lock___malloc_recursive_mutex
 *fill*         0x20001001        0x3 
 .bss.__lock___sfp_recursive_mutex
                0x20001004        0x1 c:/maximsdk/tools/gnutools/10.3/bin/../lib/gcc/arm-none-eabi/10.3.1/../../../../arm-none-eabi/lib/thumb/v7e-m+fp/softfp\libc.a(lib_a-lock.o)
                0x20001004                __lock___sfp_recursive_mutex
 *fill*         0x20001005        0x3 
 .bss.__lock___sinit_recursive_mutex
                0x20001008        0x1 c:/maximsdk/tools/gnutools/10.3/bin/../lib/gcc/arm-none-eabi/10.3.1/../../../../arm-none-eabi/lib/thumb/v7e-m+fp/softfp\libc.a(lib_a-lock.o)
                0x20001008                __lock___sinit_recursive_mutex
 *fill*         0x20001009        0x3 
 .bss.errno     0x2000100c        0x4 c:/maximsdk/tools/gnutools/10.3/bin/../lib/gcc/arm-none-eabi/10.3.1/../../../../arm-none-eabi/lib/thumb/v7e-m+fp/softfp\libc.a(lib_a-reent.o)
                0x2000100c                errno
 *(COMMON)
                0x20001010                _ebss = ALIGN (., 0x4)

.pal_nvm_db     0x10080000        0x0
                0x10080000                . = ALIGN (0x2000)
                0x10080000                __pal_nvm_db_start__ = .
                0x10080000                . = (. + _PAL_NVM_SIZE)
                0x10080000                __pal_nvm_db_end__ = .

.riscv_flash
 *riscv.o()

.shared         0x20001010        0x0
                0x20001010                . = ALIGN (0x4)
                0x20001010                _shared = .
 *(.mailbox*)
                0x20001010                . = ALIGN (0x4)
 *(.shared*)
                0x20001010                _eshared = ALIGN (., 0x4)
                0x20001010                __shared_data = LOADADDR (.shared)
                0x20020000                __StackTop = (ORIGIN (SRAM) + LENGTH (SRAM))
                0x2001f000                __StackLimit = (__StackTop - SIZEOF (.stack_dummy))

.stack_dummy    0x20001010     0x1000
 *(.stack*)
 .stack         0x20001010     0x1000 c:/MaximSDK/Examples/MAX32655/Max32655CodeForMax30009/build/startup_max32655.o

.heap           0x20001010      0xc00
                0x20001010                . = ALIGN (0x4)
 *(.heap*)
 .heap          0x20001010      0xc00 c:/MaximSDK/Examples/MAX32655/Max32655CodeForMax30009/build/startup_max32655.o
                0x20001010                __HeapBase
                0x2001f000                __HeapLimit = ABSOLUTE (__StackLimit)

.mailbox_0      0x20020000        0x0
                0x20020000                _mailbox_0 = ALIGN (., 0x4)
 *(.mailbox_0*)
                0x20020000                . = (. + _MAILBOX_SIZE)
                0x20020000                _emailbox_0 = ALIGN (., 0x4)

.mailbox_1      0x20020000        0x0
                0x20020000                _mailbox_1 = ALIGN (., 0x4)
 *(.mailbox_1*)
                0x20020000                . = (. + _MAILBOX_SIZE)
                0x20020000                _emailbox_1 = ALIGN (., 0x4)
                0x20020000                PROVIDE (__stack = __StackTop)
                0x00000001                ASSERT ((__StackLimit >= _ebss), region RAM overflowed with stack)
OUTPUT(c:/MaximSDK/Examples/MAX32655/Max32655CodeForMax30009/build/Max32655CodeForMax30009.elf elf32-littlearm)
LOAD linker stubs

.ARM.attributes
                0x00000000       0x2e
 .ARM.attributes
                0x00000000       0x1e c:/maximsdk/tools/gnutools/10.3/bin/../lib/gcc/arm-none-eabi/10.3.1/thumb/v7e-m+fp/softfp/crti.o
 .ARM.attributes
                0x0000001e       0x32 c:/maximsdk/tools/gnutools/10.3/bin/../lib/gcc/arm-none-eabi/10.3.1/thumb/v7e-m+fp/softfp/crtbegin.o
 .ARM.attributes
                0x00000050       0x32 c:/MaximSDK/Examples/MAX32655/Max32655CodeForMax30009/build/bioZ.o
 .ARM.attributes
                0x00000082       0x32 c:/MaximSDK/Examples/MAX32655/Max32655CodeForMax30009/build/main.o
 .ARM.attributes
                0x000000b4       0x32 c:/MaximSDK/Examples/MAX32655/Max32655CodeForMax30009/build/MAX30009.o
 .ARM.attributes
                0x000000e6       0x32 c:/MaximSDK/Examples/MAX32655/Max32655CodeForMax30009/build/spiFunctions.o
 .ARM.attributes
                0x00000118       0x32 c:/MaximSDK/Examples/MAX32655/Max32655CodeForMax30009/build/board.o
 .ARM.attributes
                0x0000014a       0x32 c:/MaximSDK/Examples/MAX32655/Max32655CodeForMax30009/build/stdio.o
 .ARM.attributes
                0x0000017c       0x32 c:/MaximSDK/Examples/MAX32655/Max32655CodeForMax30009/build/led.o
 .ARM.attributes
                0x000001ae       0x32 c:/MaximSDK/Examples/MAX32655/Max32655CodeForMax30009/build/pb.o
 .ARM.attributes
                0x000001e0       0x32 c:/MaximSDK/Examples/MAX32655/Max32655CodeForMax30009/build/w25.o
 .ARM.attributes
                0x00000212       0x1b c:/MaximSDK/Examples/MAX32655/Max32655CodeForMax30009/build/startup_max32655.o
 .ARM.attributes
                0x0000022d       0x32 c:/MaximSDK/Examples/MAX32655/Max32655CodeForMax30009/build/heap.o
 .ARM.attributes
                0x0000025f       0x32 c:/MaximSDK/Examples/MAX32655/Max32655CodeForMax30009/build/system_max32655.o
 .ARM.attributes
                0x00000291       0x32 C:/MaximSDK/Libraries/PeriphDrivers/bin/MAX32655/softfp/libPeriphDriver_softfp.a(mxc_delay.o)
 .ARM.attributes
                0x000002c3       0x32 C:/MaximSDK/Libraries/PeriphDrivers/bin/MAX32655/softfp/libPeriphDriver_softfp.a(sys_me17.o)
 .ARM.attributes
                0x000002f5       0x32 C:/MaximSDK/Libraries/PeriphDrivers/bin/MAX32655/softfp/libPeriphDriver_softfp.a(gpio_me17.o)
 .ARM.attributes
                0x00000327       0x32 C:/MaximSDK/Libraries/PeriphDrivers/bin/MAX32655/softfp/libPeriphDriver_softfp.a(gpio_reva.o)
 .ARM.attributes
                0x00000359       0x32 C:/MaximSDK/Libraries/PeriphDrivers/bin/MAX32655/softfp/libPeriphDriver_softfp.a(icc_me17.o)
 .ARM.attributes
                0x0000038b       0x32 C:/MaximSDK/Libraries/PeriphDrivers/bin/MAX32655/softfp/libPeriphDriver_softfp.a(icc_reva.o)
 .ARM.attributes
                0x000003bd       0x32 C:/MaximSDK/Libraries/PeriphDrivers/bin/MAX32655/softfp/libPeriphDriver_softfp.a(simo_me17.o)
 .ARM.attributes
                0x000003ef       0x32 C:/MaximSDK/Libraries/PeriphDrivers/bin/MAX32655/softfp/libPeriphDriver_softfp.a(simo_reva.o)
 .ARM.attributes
                0x00000421       0x32 C:/MaximSDK/Libraries/PeriphDrivers/bin/MAX32655/softfp/libPeriphDriver_softfp.a(spi_me17.o)
 .ARM.attributes